 mp

 Timestamp is 420d68f0 (Fri Feb 11 21:24:48 2005)

 Preferred load address is 10000000

 Start         Length     Name                   Class
 0001:00000000 0005e218H .text                   CODE
 0001:0005e220 00000112H .text$x                 CODE
 0002:00000000 00009f40H .rdata                  DATA
 0002:00009f40 00000178H .xdata$x                DATA
 0002:0000a0c0 00002a73H .edata                  DATA
 0003:00000000 00000004H .CRT$XCA                DATA
 0003:00000004 00000030H .CRT$XCU                DATA
 0003:00000034 00000004H .CRT$XCZ                DATA
 0003:00000038 00000004H .CRT$XIA                DATA
 0003:0000003c 0000000cH .CRT$XIC                DATA
 0003:00000048 00000004H .CRT$XIY                DATA
 0003:0000004c 00000004H .CRT$XIZ                DATA
 0003:00000050 00000004H .CRT$XPA                DATA
 0003:00000054 00000004H .CRT$XPX                DATA
 0003:00000058 00000004H .CRT$XPZ                DATA
 0003:0000005c 00000004H .CRT$XTA                DATA
 0003:00000060 00000004H .CRT$XTB                DATA
 0003:00000064 00000004H .CRT$XTZ                DATA
 0003:00000070 0000fec4H .data                   DATA
 0003:0000ff38 0000fd14H .bss                    DATA
 0004:00000000 00000014H .idata$2                DATA
 0004:00000014 00000014H .idata$3                DATA
 0004:00000028 00000134H .idata$4                DATA
 0004:0000015c 00000134H .idata$5                DATA
 0004:00000290 0000056eH .idata$6                DATA

  Address         Publics by Value              Rva+Base     Lib:Object

 0001:00000000       _item_airtank              10001000 f   airtank.obj
 0001:00000010       ?Save@CAirtank@@EAEHAAVCSave@@@Z 10001010 f   airtank.obj
 0001:00000040       ?Restore@CAirtank@@EAEHAAVCRestore@@@Z 10001040 f   airtank.obj
 0001:00000070       ?Spawn@CAirtank@@EAEXXZ    10001070 f   airtank.obj
 0001:00000160       ?Precache@CAirtank@@EAEXXZ 10001160 f   airtank.obj
 0001:00000180       ?Killed@CAirtank@@EAEXPAUentvars_s@@H@Z 10001180 f   airtank.obj
 0001:000001e0       ?TankThink@CAirtank@@AAEXXZ 100011e0 f   airtank.obj
 0001:00000200       ?TankTouch@CAirtank@@AAEXPAVCBaseEntity@@@Z 10001200 f   airtank.obj
 0001:000002d0       ?GetClassPtr@@YAPAVCAirtank@@PAV1@@Z 100012d0 f i airtank.obj
 0001:00000320       ?BloodColor@CAirtank@@EAEHXZ 10001320 f i airtank.obj
 0001:00000330       ??0Vector@@QAE@MMM@Z       10001330 f i airtank.obj
 0001:00000350       ??0Vector@@QAE@ABV0@@Z     10001350 f i airtank.obj
 0001:00000370       ?ObjectCaps@CBaseEntity@@UAEHXZ 10001370 f i airtank.obj
 0001:00000380       ?Activate@CBaseEntity@@UAEXXZ 10001380 f i airtank.obj
 0001:00000390       ?Classify@CBaseEntity@@UAEHXZ 10001390 f i airtank.obj
 0001:000003a0       ?DeathNotice@CBaseEntity@@UAEXPAUentvars_s@@@Z 100013a0 f i airtank.obj
 0001:000003b0       ?IsTriggered@CBaseEntity@@UAEHPAV1@@Z 100013b0 f i airtank.obj
 0001:000003c0       ?MyMonsterPointer@CBaseEntity@@UAEPAVCBaseMonster@@XZ 100013c0 f i airtank.obj
 0001:000003d0       ?MySquadMonsterPointer@CBaseEntity@@UAEPAVCSquadMonster@@XZ 100013d0 f i airtank.obj
 0001:000003e0       ?AddPoints@CBaseEntity@@UAEXHH@Z 100013e0 f i airtank.obj
 0001:000003f0       ?AddPointsToTeam@CBaseEntity@@UAEXHH@Z 100013f0 f i airtank.obj
 0001:00000400       ?AddPlayerItem@CBaseEntity@@UAEHPAVCBasePlayerItem@@@Z 10001400 f i airtank.obj
 0001:00000410       ?RemovePlayerItem@CBaseEntity@@UAEHPAVCBasePlayerItem@@@Z 10001410 f i airtank.obj
 0001:00000420       ?GiveAmmo@CBaseEntity@@UAEHHPADH@Z 10001420 f i airtank.obj
 0001:00000430       ?IsMoving@CBaseEntity@@UAEHXZ 10001430 f i airtank.obj
 0001:00000480       ?OverrideReset@CBaseEntity@@UAEXXZ 10001480 f i airtank.obj
 0001:00000490       ?SetToggleState@CBaseEntity@@UAEXH@Z 10001490 f i airtank.obj
 0001:000004a0       ?StartSneaking@CBaseEntity@@UAEXXZ 100014a0 f i airtank.obj
 0001:000004b0       ?StopSneaking@CBaseEntity@@UAEXXZ 100014b0 f i airtank.obj
 0001:000004c0       ?OnControls@CBaseEntity@@UAEHPAUentvars_s@@@Z 100014c0 f i airtank.obj
 0001:000004d0       ?IsSneaking@CBaseEntity@@UAEHXZ 100014d0 f i airtank.obj
 0001:000004e0       ?IsBSPModel@CBaseEntity@@UAEHXZ 100014e0 f i airtank.obj
 0001:00000500       ?ReflectGauss@CBaseEntity@@UAEHXZ 10001500 f i airtank.obj
 0001:00000530       ?HasTarget@CBaseEntity@@UAEHH@Z 10001530 f i airtank.obj
 0001:000005a0       ?IsPlayer@CBaseEntity@@UAEHXZ 100015a0 f i airtank.obj
 0001:000005b0       ?IsNetClient@CBaseEntity@@UAEHXZ 100015b0 f i airtank.obj
 0001:000005c0       ?TeamID@CBaseEntity@@UAEPBDXZ 100015c0 f i airtank.obj
 0001:000005d0       ?IsDisc@CBaseEntity@@UAEHXZ 100015d0 f i airtank.obj
 0001:000005e0       ?Think@CBaseEntity@@UAEXXZ 100015e0 f i airtank.obj
 0001:000005f0       ?Touch@CBaseEntity@@UAEXPAV1@@Z 100015f0 f i airtank.obj
 0001:00000610       ?Use@CBaseEntity@@UAEXPAV1@0W4USE_TYPE@@M@Z 10001610 f i airtank.obj
 0001:00000630       ?Blocked@CBaseEntity@@UAEXPAV1@@Z 10001630 f i airtank.obj
 0001:00000650       ?SUB_CallUseToggle@CBaseEntity@@QAEXXZ 10001650 f i airtank.obj
 0001:00000660       ?Respawn@CBaseEntity@@UAEPAV1@XZ 10001660 f i airtank.obj
 0001:00000670       ?UpdateOwner@CBaseEntity@@UAEXXZ 10001670 f i airtank.obj
 0001:00000680       ?FBecomeProne@CBaseEntity@@UAEHXZ 10001680 f i airtank.obj
 0001:00000690       ?Center@CBaseEntity@@UAE?AVVector@@XZ 10001690 f i airtank.obj
 0001:00000700       ?EyePosition@CBaseEntity@@UAE?AVVector@@XZ 10001700 f i airtank.obj
 0001:00000740       ?EarPosition@CBaseEntity@@UAE?AVVector@@XZ 10001740 f i airtank.obj
 0001:00000780       ?BodyTarget@CBaseEntity@@UAE?AVVector@@ABV2@@Z 10001780 f i airtank.obj
 0001:000007b0       ?Illumination@CBaseEntity@@UAEHXZ 100017b0 f i airtank.obj
 0001:000007d0       ?HandleAnimEvent@CBaseAnimating@@UAEXPAUMonsterEvent_t@@@Z 100017d0 f i airtank.obj
 0001:000007e0       ?GetToggleState@CBaseToggle@@UAEHXZ 100017e0 f i airtank.obj
 0001:000007f0       ?GetDelay@CBaseToggle@@UAEMXZ 100017f0 f i airtank.obj
 0001:00000800       ?PainSound@CBaseMonster@@UAEXXZ 10001800 f i airtank.obj
 0001:00000810       ?IsAlive@CBaseMonster@@UAEHXZ 10001810 f i airtank.obj
 0001:00000830       ?Save@CBaseAnimating@@UAEHAAVCSave@@@Z 10001830 f   animating.obj
 0001:00000860       ?Restore@CBaseAnimating@@UAEHAAVCRestore@@@Z 10001860 f   animating.obj
 0001:00000890       ?StudioFrameAdvance@CBaseAnimating@@QAEMM@Z 10001890 f   animating.obj
 0001:000009c0       ?LookupActivity@CBaseAnimating@@QAEHH@Z 100019c0 f   animating.obj
 0001:000009f0       ?LookupActivityHeaviest@CBaseAnimating@@QAEHH@Z 100019f0 f   animating.obj
 0001:00000a20       ?LookupSequence@CBaseAnimating@@QAEHPBD@Z 10001a20 f   animating.obj
 0001:00000a50       ?ResetSequenceInfo@CBaseAnimating@@QAEXXZ 10001a50 f   animating.obj
 0001:00000ac0       ?GetSequenceFlags@CBaseAnimating@@QAEHXZ 10001ac0 f   animating.obj
 0001:00000af0       ?DispatchAnimEvents@CBaseAnimating@@QAEXM@Z 10001af0 f   animating.obj
 0001:00000c00       ?SetBoneController@CBaseAnimating@@QAEMHM@Z 10001c00 f   animating.obj
 0001:00000c30       ?InitBoneControllers@CBaseAnimating@@QAEXXZ 10001c30 f   animating.obj
 0001:00000c90       ?SetBlending@CBaseAnimating@@QAEMHM@Z 10001c90 f   animating.obj
 0001:00000cc0       ?GetBonePosition@CBaseAnimating@@QAEXHAAVVector@@0@Z 10001cc0 f   animating.obj
 0001:00000cf0       ?GetAttachment@CBaseAnimating@@QAEXHAAVVector@@0@Z 10001cf0 f   animating.obj
 0001:00000d20       ?FindTransition@CBaseAnimating@@QAEHHHPAH@Z 10001d20 f   animating.obj
 0001:00000d80       ?GetAutomovement@CBaseAnimating@@QAEXAAVVector@@0M@Z 10001d80 f   animating.obj
 0001:00000d90       ?SetBodygroup@CBaseAnimating@@QAEXHH@Z 10001d90 f   animating.obj
 0001:00000dc0       ?GetBodygroup@CBaseAnimating@@QAEHH@Z 10001dc0 f   animating.obj
 0001:00000df0       ?ExtractBbox@CBaseAnimating@@QAEHHPAM0@Z 10001df0 f   animating.obj
 0001:00000e20       ?SetSequenceBox@CBaseAnimating@@QAEXXZ 10001e20 f   animating.obj
 0001:00000fc0       ??_H@YGXPAXIHP6EX0@Z@Z     10001fc0 f i animating.obj
 0001:00000ff0       ?ExtractBbox@@YAHPAXHPAM1@Z 10001ff0 f   animation.obj
 0001:00001050       ?LookupActivity@@YAHPAXPAUentvars_s@@H@Z 10002050 f   animation.obj
 0001:000010d0       ?LookupActivityHeaviest@@YAHPAXPAUentvars_s@@H@Z 100020d0 f   animation.obj
 0001:00001120       ?GetEyePosition@@YAXPAXPAM@Z 10002120 f   animation.obj
 0001:00001150       ?LookupSequence@@YAHPAXPBD@Z 10002150 f   animation.obj
 0001:000011b0       ?IsSoundEvent@@YAHH@Z      100021b0 f   animation.obj
 0001:000011d0       ?SequencePrecache@@YAXPAXPBD@Z 100021d0 f   animation.obj
 0001:000012b0       ?GetSequenceInfo@@YAXPAXPAUentvars_s@@PAM2@Z 100022b0 f   animation.obj
 0001:00001370       ?GetSequenceFlags@@YAHPAXPAUentvars_s@@@Z 10002370 f   animation.obj
 0001:000013b0       ?GetAnimationEvent@@YAHPAXPAUentvars_s@@PAUMonsterEvent_t@@MMH@Z 100023b0 f   animation.obj
 0001:00001500       ?SetController@@YAMPAXPAUentvars_s@@HM@Z 10002500 f   animation.obj
 0001:00001670       ?SetBlending@@YAMPAXPAUentvars_s@@HM@Z 10002670 f   animation.obj
 0001:000017b0       ?FindTransition@@YAHPAXHHPAH@Z 100027b0 f   animation.obj
 0001:000018c0       ?SetBodygroup@@YAXPAXPAUentvars_s@@HH@Z 100028c0 f   animation.obj
 0001:00001920       ?GetBodygroup@@YAHPAXPAUentvars_s@@H@Z 10002920 f   animation.obj
 0001:00001980       ?VecBModelOrigin@@YA?AVVector@@PAUentvars_s@@@Z 10002980 f   bmodels.obj
 0001:000019f0       _func_wall                 100029f0 f   bmodels.obj
 0001:00001a00       ?Spawn@CFuncWall@@UAEXXZ   10002a00 f   bmodels.obj
 0001:00001a80       ?Use@CFuncWall@@UAEXPAVCBaseEntity@@0W4USE_TYPE@@M@Z 10002a80 f   bmodels.obj
 0001:00001ac0       _func_wall_toggle          10002ac0 f   bmodels.obj
 0001:00001ad0       ?Spawn@CFuncWallToggle@@UAEXXZ 10002ad0 f   bmodels.obj
 0001:00001af0       ?TurnOff@CFuncWallToggle@@QAEXXZ 10002af0 f   bmodels.obj
 0001:00001b20       ?TurnOn@CFuncWallToggle@@QAEXXZ 10002b20 f   bmodels.obj
 0001:00001b50       ?IsOn@CFuncWallToggle@@QAEHXZ 10002b50 f   bmodels.obj
 0001:00001b70       ?Use@CFuncWallToggle@@UAEXPAVCBaseEntity@@0W4USE_TYPE@@M@Z 10002b70 f   bmodels.obj
 0001:00001bb0       _func_conveyor             10002bb0 f   bmodels.obj
 0001:00001bc0       ?Spawn@CFuncConveyor@@UAEXXZ 10002bc0 f   bmodels.obj
 0001:00001c40       ?UpdateSpeed@CFuncConveyor@@QAEXM@Z 10002c40 f   bmodels.obj
 0001:00001cc0       ?Use@CFuncConveyor@@UAEXPAVCBaseEntity@@0W4USE_TYPE@@M@Z 10002cc0 f   bmodels.obj
 0001:00001cf0       _func_illusionary          10002cf0 f   bmodels.obj
 0001:00001d00       ?KeyValue@CFuncIllusionary@@UAEXPAUKeyValueData_s@@@Z 10002d00 f   bmodels.obj
 0001:00001d80       ?Spawn@CFuncIllusionary@@UAEXXZ 10002d80 f   bmodels.obj
 0001:00001de0       _func_monsterclip          10002de0 f   bmodels.obj
 0001:00001df0       ?Spawn@CFuncMonsterClip@@UAEXXZ 10002df0 f   bmodels.obj
 0001:00001e30       ?Save@CFuncRotating@@UAEHAAVCSave@@@Z 10002e30 f   bmodels.obj
 0001:00001e60       ?Restore@CFuncRotating@@UAEHAAVCRestore@@@Z 10002e60 f   bmodels.obj
 0001:00001e90       _func_rotating             10002e90 f   bmodels.obj
 0001:00001ea0       ?KeyValue@CFuncRotating@@UAEXPAUKeyValueData_s@@@Z 10002ea0 f   bmodels.obj
 0001:000020b0       ?Spawn@CFuncRotating@@UAEXXZ 100030b0 f   bmodels.obj
 0001:000022f0       ?Precache@CFuncRotating@@UAEXXZ 100032f0 f   bmodels.obj
 0001:00002480       ?HurtTouch@CFuncRotating@@QAEXPAVCBaseEntity@@@Z 10003480 f   bmodels.obj
 0001:000025e0       ?RampPitchVol@CFuncRotating@@QAEXH@Z 100035e0 f   bmodels.obj
 0001:000026e0       ?SpinUp@CFuncRotating@@QAEXXZ 100036e0 f   bmodels.obj
 0001:000028a0       ?SpinDown@CFuncRotating@@QAEXXZ 100038a0 f   bmodels.obj
 0001:00002a70       ?Rotate@CFuncRotating@@QAEXXZ 10003a70 f   bmodels.obj
 0001:00002a90       ?RotatingUse@CFuncRotating@@QAEXPAVCBaseEntity@@0W4USE_TYPE@@M@Z 10003a90 f   bmodels.obj
 0001:00002c10       ?Blocked@CFuncRotating@@UAEXPAVCBaseEntity@@@Z 10003c10 f   bmodels.obj
 0001:00002c30       _func_pendulum             10003c30 f   bmodels.obj
 0001:00002c40       ?Save@CPendulum@@UAEHAAVCSave@@@Z 10003c40 f   bmodels.obj
 0001:00002c70       ?Restore@CPendulum@@UAEHAAVCRestore@@@Z 10003c70 f   bmodels.obj
 0001:00002ca0       ?KeyValue@CPendulum@@UAEXPAUKeyValueData_s@@@Z 10003ca0 f   bmodels.obj
 0001:00002d70       ?Spawn@CPendulum@@UAEXXZ   10003d70 f   bmodels.obj
 0001:00002f10       ?PendulumUse@CPendulum@@QAEXPAVCBaseEntity@@0W4USE_TYPE@@M@Z 10003f10 f   bmodels.obj
 0001:00003020       ?Stop@CPendulum@@QAEXXZ    10004020 f   bmodels.obj
 0001:00003070       ?Blocked@CPendulum@@UAEXPAVCBaseEntity@@@Z 10004070 f   bmodels.obj
 0001:00003080       ?Swing@CPendulum@@QAEXXZ   10004080 f   bmodels.obj
 0001:00003250       ?Touch@CPendulum@@UAEXPAVCBaseEntity@@@Z 10004250 f   bmodels.obj
 0001:000033b0       ?RopeTouch@CPendulum@@QAEXPAVCBaseEntity@@@Z 100043b0 f   bmodels.obj
 0001:00003430       ?GetClassPtr@@YAPAVCFuncWall@@PAV1@@Z 10004430 f i bmodels.obj
 0001:00003480       ?ObjectCaps@CFuncWall@@UAEHXZ 10004480 f i bmodels.obj
 0001:00003490       ?Precache@CBaseEntity@@UAEXXZ 10004490 f i bmodels.obj
 0001:000034a0       ?KeyValue@CBaseEntity@@UAEXPAUKeyValueData_s@@@Z 100044a0 f i bmodels.obj
 0001:000034b0       ?BloodColor@CBaseEntity@@UAEHXZ 100044b0 f i bmodels.obj
 0001:000034c0       ?GetToggleState@CBaseEntity@@UAEHXZ 100044c0 f i bmodels.obj
 0001:000034d0       ?GetDelay@CBaseEntity@@UAEMXZ 100044d0 f i bmodels.obj
 0001:000034e0       ?IsAlive@CBaseEntity@@UAEHXZ 100044e0 f i bmodels.obj
 0001:00003510       ?GetClassPtr@@YAPAVCFuncWallToggle@@PAV1@@Z 10004510 f i bmodels.obj
 0001:00003560       ?GetClassPtr@@YAPAVCFuncConveyor@@PAV1@@Z 10004560 f i bmodels.obj
 0001:000035b0       ?GetClassPtr@@YAPAVCFuncIllusionary@@PAV1@@Z 100045b0 f i bmodels.obj
 0001:00003600       ?ObjectCaps@CFuncIllusionary@@UAEHXZ 10004600 f i bmodels.obj
 0001:00003610       ?GetClassPtr@@YAPAVCFuncMonsterClip@@PAV1@@Z 10004610 f i bmodels.obj
 0001:00003660       ?Use@CFuncMonsterClip@@UAEXPAVCBaseEntity@@0W4USE_TYPE@@M@Z 10004660 f i bmodels.obj
 0001:00003670       ?GetClassPtr@@YAPAVCFuncRotating@@PAV1@@Z 10004670 f i bmodels.obj
 0001:000036c0       ?ObjectCaps@CFuncRotating@@UAEHXZ 100046c0 f i bmodels.obj
 0001:000036d0       ?GetClassPtr@@YAPAVCPendulum@@PAV1@@Z 100046d0 f i bmodels.obj
 0001:00003720       ?ObjectCaps@CPendulum@@UAEHXZ 10004720 f i bmodels.obj
 0001:00003730       ?Save@CEnvGlobal@@UAEHAAVCSave@@@Z 10004730 f   buttons.obj
 0001:00003760       ?Restore@CEnvGlobal@@UAEHAAVCRestore@@@Z 10004760 f   buttons.obj
 0001:00003790       _env_global                10004790 f   buttons.obj
 0001:000037a0       ?KeyValue@CEnvGlobal@@UAEXPAUKeyValueData_s@@@Z 100047a0 f   buttons.obj
 0001:000038b0       ?Spawn@CEnvGlobal@@UAEXXZ  100048b0 f   buttons.obj
 0001:00003910       ?Use@CEnvGlobal@@UAEXPAVCBaseEntity@@0W4USE_TYPE@@M@Z 10004910 f   buttons.obj
 0001:00003990       ?Save@CMultiSource@@UAEHAAVCSave@@@Z 10004990 f   buttons.obj
 0001:000039c0       ?Restore@CMultiSource@@UAEHAAVCRestore@@@Z 100049c0 f   buttons.obj
 0001:000039f0       _multisource               100049f0 f   buttons.obj
 0001:00003a00       ?KeyValue@CMultiSource@@UAEXPAUKeyValueData_s@@@Z 10004a00 f   buttons.obj
 0001:00003bc0       ?Spawn@CMultiSource@@UAEXXZ 10004bc0 f   buttons.obj
 0001:00003c10       ?Use@CMultiSource@@UAEXPAVCBaseEntity@@0W4USE_TYPE@@M@Z 10004c10 f   buttons.obj
 0001:00003cf0       ?IsTriggered@CMultiSource@@UAEHPAVCBaseEntity@@@Z 10004cf0 f   buttons.obj
 0001:00003d50       ?Register@CMultiSource@@QAEXXZ 10004d50 f   buttons.obj
 0001:00003e80       ?Save@CBaseButton@@UAEHAAVCSave@@@Z 10004e80 f   buttons.obj
 0001:00003eb0       ?Restore@CBaseButton@@UAEHAAVCRestore@@@Z 10004eb0 f   buttons.obj
 0001:00003ee0       ?Precache@CBaseButton@@UAEXXZ 10004ee0 f   buttons.obj
 0001:000041a0       ?KeyValue@CBaseButton@@UAEXPAUKeyValueData_s@@@Z 100051a0 f   buttons.obj
 0001:000043d0       ?TakeDamage@CBaseButton@@UAEHPAUentvars_s@@0MH@Z 100053d0 f   buttons.obj
 0001:000044a0       _func_button               100054a0 f   buttons.obj
 0001:000044b0       ?Spawn@CBaseButton@@UAEXXZ 100054b0 f   buttons.obj
 0001:00004720       ?ButtonSound@@YAPADH@Z     10005720 f   buttons.obj
 0001:00004810       ?DoSpark@@YAXPAUentvars_s@@ABVVector@@@Z 10005810 f   buttons.obj
 0001:000049f0       ?ButtonSpark@CBaseButton@@QAEXXZ 100059f0 f   buttons.obj
 0001:00004a40       ?ButtonUse@CBaseButton@@QAEXPAVCBaseEntity@@0W4USE_TYPE@@M@Z 10005a40 f   buttons.obj
 0001:00004ad0       ?ButtonResponseToTouch@CBaseButton@@QAE?AW4BUTTON_CODE@1@XZ 10005ad0 f   buttons.obj
 0001:00004b30       ?ButtonTouch@CBaseButton@@QAEXPAVCBaseEntity@@@Z 10005b30 f   buttons.obj
 0001:00004c50       ?ButtonActivate@CBaseButton@@QAEXXZ 10005c50 f   buttons.obj
 0001:00004d40       ?TriggerAndWait@CBaseButton@@QAEXXZ 10005d40 f   buttons.obj
 0001:00004de0       ?ButtonReturn@CBaseButton@@QAEXXZ 10005de0 f   buttons.obj
 0001:00004e60       ?ButtonBackHome@CBaseButton@@QAEXXZ 10005e60 f   buttons.obj
 0001:00004fb0       _func_rot_button           10005fb0 f   buttons.obj
 0001:00004fc0       ?Spawn@CRotButton@@UAEXXZ  10005fc0 f   buttons.obj
 0001:000051e0       ?Save@CMomentaryRotButton@@UAEHAAVCSave@@@Z 100061e0 f   buttons.obj
 0001:00005210       ?Restore@CMomentaryRotButton@@UAEHAAVCRestore@@@Z 10006210 f   buttons.obj
 0001:00005240       _momentary_rot_button      10006240 f   buttons.obj
 0001:00005250       ?Spawn@CMomentaryRotButton@@UAEXXZ 10006250 f   buttons.obj
 0001:00005450       ?KeyValue@CMomentaryRotButton@@UAEXPAUKeyValueData_s@@@Z 10006450 f   buttons.obj
 0001:00005520       ?PlaySound@CMomentaryRotButton@@QAEXXZ 10006520 f   buttons.obj
 0001:00005560       ?Use@CMomentaryRotButton@@UAEXPAVCBaseEntity@@0W4USE_TYPE@@M@Z 10006560 f   buttons.obj
 0001:000055c0       ?UpdateAllButtons@CMomentaryRotButton@@QAEXMH@Z 100065c0 f   buttons.obj
 0001:00005680       ?UpdateSelf@CMomentaryRotButton@@QAEXM@Z 10006680 f   buttons.obj
 0001:00005800       ?UpdateTarget@CMomentaryRotButton@@QAEXM@Z 10006800 f   buttons.obj
 0001:00005870       ?Off@CMomentaryRotButton@@QAEXXZ 10006870 f   buttons.obj
 0001:000058f0       ?Return@CMomentaryRotButton@@QAEXXZ 100068f0 f   buttons.obj
 0001:00005950       ?UpdateSelfReturn@CMomentaryRotButton@@QAEXM@Z 10006950 f   buttons.obj
 0001:00005a30       ?Save@CEnvSpark@@UAEHAAVCSave@@@Z 10006a30 f   buttons.obj
 0001:00005a60       ?Restore@CEnvSpark@@UAEHAAVCRestore@@@Z 10006a60 f   buttons.obj
 0001:00005a90       _env_spark                 10006a90 f   buttons.obj
 0001:00005aa0       _env_debris                10006aa0 f   buttons.obj
 0001:00005ab0       ?Spawn@CEnvSpark@@UAEXXZ   10006ab0 f   buttons.obj
 0001:00005b40       ?Precache@CEnvSpark@@UAEXXZ 10006b40 f   buttons.obj
 0001:00005b90       ?KeyValue@CEnvSpark@@UAEXPAUKeyValueData_s@@@Z 10006b90 f   buttons.obj
 0001:00005d50       ?SparkThink@CEnvSpark@@QAEXXZ 10006d50 f   buttons.obj
 0001:00005d90       ?SparkStart@CEnvSpark@@QAEXPAVCBaseEntity@@0W4USE_TYPE@@M@Z 10006d90 f   buttons.obj
 0001:00005dd0       ?SparkStop@CEnvSpark@@QAEXPAVCBaseEntity@@0W4USE_TYPE@@M@Z 10006dd0 f   buttons.obj
 0001:00005df0       _button_target             10006df0 f   buttons.obj
 0001:00005e00       ?Spawn@CButtonTarget@@UAEXXZ 10006e00 f   buttons.obj
 0001:00005e70       ?Use@CButtonTarget@@UAEXPAVCBaseEntity@@0W4USE_TYPE@@M@Z 10006e70 f   buttons.obj
 0001:00005ef0       ?ObjectCaps@CButtonTarget@@UAEHXZ 10006ef0 f   buttons.obj
 0001:00005f10       ?TakeDamage@CButtonTarget@@UAEHPAUentvars_s@@0MH@Z 10006f10 f   buttons.obj
 0001:00005f50       ?GetClassPtr@@YAPAVCEnvGlobal@@PAV1@@Z 10006f50 f i buttons.obj
 0001:00005fa0       ?ObjectCaps@CPointEntity@@UAEHXZ 10006fa0 f i buttons.obj
 0001:00005fb0       ?GetClassPtr@@YAPAVCMultiSource@@PAV1@@Z 10006fb0 f i buttons.obj
 0001:00006000       ?ObjectCaps@CMultiSource@@UAEHXZ 10007000 f i buttons.obj
 0001:00006010       ?GetClassPtr@@YAPAVCBaseButton@@PAV1@@Z 10007010 f i buttons.obj
 0001:00006060       ?ObjectCaps@CBaseButton@@UAEHXZ 10007060 f i buttons.obj
 0001:00006080       ?GetClassPtr@@YAPAVCRotButton@@PAV1@@Z 10007080 f i buttons.obj
 0001:000060d0       ?GetClassPtr@@YAPAVCMomentaryRotButton@@PAV1@@Z 100070d0 f i buttons.obj
 0001:00006120       ?ObjectCaps@CMomentaryRotButton@@UAEHXZ 10007120 f i buttons.obj
 0001:00006140       ?GetClassPtr@@YAPAVCEnvSpark@@PAV1@@Z 10007140 f i buttons.obj
 0001:00006190       ?GetClassPtr@@YAPAVCButtonTarget@@PAV1@@Z 10007190 f i buttons.obj
 0001:000061e0       _GetEntityAPI              100071e0 f   cbase.obj
 0001:00006210       _GetEntityAPI2             10007210 f   cbase.obj
 0001:00006250       _GetNewDLLFunctions        10007250 f   cbase.obj
 0001:00006290       ?DispatchSpawn@@YAHPAUedict_s@@@Z 10007290 f   cbase.obj
 0001:00006440       ?DispatchKeyValue@@YAXPAUedict_s@@PAUKeyValueData_s@@@Z 10007440 f   cbase.obj
 0001:00006480       ?DispatchTouch@@YAXPAUedict_s@@0@Z 10007480 f   cbase.obj
 0001:000064e0       ?DispatchUse@@YAXPAUedict_s@@0@Z 100074e0 f   cbase.obj
 0001:00006520       ?DispatchThink@@YAXPAUedict_s@@@Z 10007520 f   cbase.obj
 0001:00006570       ?DispatchBlocked@@YAXPAUedict_s@@0@Z 10007570 f   cbase.obj
 0001:000065a0       ?DispatchSave@@YAXPAUedict_s@@PAUsaverestore_s@@@Z 100075a0 f   cbase.obj
 0001:000066a0       ??1CSave@@QAE@XZ           100076a0 f i cbase.obj
 0001:000066b0       ?OnFreeEntPrivateData@@YAXPAUedict_s@@@Z 100076b0 f   cbase.obj
 0001:000066c0       ?FindGlobalEntity@@YAPAVCBaseEntity@@HH@Z 100076c0 f   cbase.obj
 0001:00006770       ?DispatchRestore@@YAHPAUedict_s@@PAUsaverestore_s@@H@Z 10007770 f   cbase.obj
 0001:00006b10       ??1CRestore@@QAE@XZ        10007b10 f i cbase.obj
 0001:00006b20       ?DispatchObjectCollsionBox@@YAXPAUedict_s@@@Z 10007b20 f   cbase.obj
 0001:00006b50       ?SaveWriteFields@@YAXPAUsaverestore_s@@PBDPAXPAUTYPEDESCRIPTION@@H@Z 10007b50 f   cbase.obj
 0001:00006bc0       ?SaveReadFields@@YAXPAUsaverestore_s@@PBDPAXPAUTYPEDESCRIPTION@@H@Z 10007bc0 f   cbase.obj
 0001:00006c40       ?Get@EHANDLE@@QAEPAUedict_s@@XZ 10007c40 f   cbase.obj
 0001:00006c60       ?Set@EHANDLE@@QAEPAUedict_s@@PAU2@@Z 10007c60 f   cbase.obj
 0001:00006c80       ??BEHANDLE@@QAEPAVCBaseEntity@@XZ 10007c80 f   cbase.obj
 0001:00006c90       ??4EHANDLE@@QAEPAVCBaseEntity@@PAV1@@Z 10007c90 f   cbase.obj
 0001:00006cc0       ??BEHANDLE@@QAEHXZ         10007cc0 f   cbase.obj
 0001:00006cd0       ??CEHANDLE@@QAEPAVCBaseEntity@@XZ 10007cd0 f   cbase.obj
 0001:00006ce0       ?TakeHealth@CBaseEntity@@UAEHMH@Z 10007ce0 f   cbase.obj
 0001:00006d50       ?TakeDamage@CBaseEntity@@UAEHPAUentvars_s@@0MH@Z 10007d50 f   cbase.obj
 0001:00007100       ??HVector@@QBE?AV0@ABV0@@Z 10008100 f i cbase.obj
 0001:00007140       ??DVector@@QBE?AV0@M@Z     10008140 f i cbase.obj
 0001:00007180       ?Length@Vector@@QBEMXZ     10008180 f i cbase.obj
 0001:000071b0       ?Killed@CBaseEntity@@UAEXPAUentvars_s@@H@Z 100081b0 f   cbase.obj
 0001:000071e0       ?GetNextTarget@CBaseEntity@@UAEPAV1@XZ 100081e0 f   cbase.obj
 0001:00007230       ?Save@CBaseEntity@@UAEHAAVCSave@@@Z 10008230 f   cbase.obj
 0001:00007270       ?Restore@CBaseEntity@@UAEHAAVCRestore@@@Z 10008270 f   cbase.obj
 0001:00007530       ?SetObjectCollisionBox@CBaseEntity@@UAEXXZ 10008530 f   cbase.obj
 0001:00007540       ?Intersects@CBaseEntity@@QAEHPAV1@@Z 10008540 f   cbase.obj
 0001:000075d0       ?MakeDormant@CBaseEntity@@QAEXXZ 100085d0 f   cbase.obj
 0001:00007630       ?IsDormant@CBaseEntity@@QAEHXZ 10008630 f   cbase.obj
 0001:00007640       ?IsInWorld@CBaseEntity@@UAEHXZ 10008640 f   cbase.obj
 0001:00007730       ?ShouldToggle@CBaseEntity@@QAEHW4USE_TYPE@@H@Z 10008730 f   cbase.obj
 0001:00007760       ?DamageDecal@CBaseEntity@@UAEHH@Z 10008760 f   cbase.obj
 0001:00007790       ?Create@CBaseEntity@@SAPAV1@PADABVVector@@1PAUedict_s@@@Z 10008790 f   cbase.obj
 0001:00007830       ?GetHueFromRGB@@YAHMMM@Z   10008830 f   client.obj
 0001:000079a0       ?set_suicide_frame@@YAXPAUentvars_s@@@Z 100089a0 f   client.obj
 0001:00007a60       ?ClientConnect@@YAHPAUedict_s@@PBD1QAD@Z 10008a60 f   client.obj
 0001:00007a80       ?ClientDisconnect@@YAXPAUedict_s@@@Z 10008a80 f   client.obj
 0001:00007b40       ?respawn@@YAXPAUentvars_s@@H@Z 10008b40 f   client.obj
 0001:00007ba0       ?ClientKill@@YAXPAUedict_s@@@Z 10008ba0 f   client.obj
 0001:00007bb0       ?ClientPutInServer@@YAXPAUedict_s@@@Z 10008bb0 f   client.obj
 0001:00007d90       ?Host_Say@@YAXPAUedict_s@@H@Z 10008d90 f   client.obj
 0001:00008120       ?ClientCommand@@YAXPAUedict_s@@@Z 10009120 f   client.obj
 0001:00008620       ?ClientUserInfoChanged@@YAXPAUedict_s@@PAD@Z 10009620 f   client.obj
 0001:000089c0       ?ServerDeactivate@@YAXXZ   100099c0 f   client.obj
 0001:000089e0       ?ServerActivate@@YAXPAUedict_s@@HH@Z 100099e0 f   client.obj
 0001:00008aa0       ?VARS@@YAPAUentvars_s@@PAUedict_s@@@Z 10009aa0 f i client.obj
 0001:00008ab0       ?PlayerPreThink@@YAXPAUedict_s@@@Z 10009ab0 f   client.obj
 0001:00008ad0       ?PlayerPostThink@@YAXPAUedict_s@@@Z 10009ad0 f   client.obj
 0001:00008af0       ?ParmsNewLevel@@YAXXZ      10009af0 f   client.obj
 0001:00008b00       ?ParmsChangeLevel@@YAXXZ   10009b00 f   client.obj
 0001:00008b30       ?StartFrame@@YAXXZ         10009b30 f   client.obj
 0001:00008b80       ?ClientPrecache@@YAXXZ     10009b80 f   client.obj
 0001:00008f00       ?GetGameDescription@@YAPBDXZ 10009f00 f   client.obj
 0001:00008f20       ?Sys_Error@@YAXPBD@Z       10009f20 f   client.obj
 0001:00008f30       ?PlayerCustomization@@YAXPAUedict_s@@PAUcustomization_s@@@Z 10009f30 f   client.obj
 0001:00008fa0       ?SpectatorConnect@@YAXPAUedict_s@@@Z 10009fa0 f   client.obj
 0001:00008fc0       ?SpectatorDisconnect@@YAXPAUedict_s@@@Z 10009fc0 f   client.obj
 0001:00008fe0       ?SpectatorThink@@YAXPAUedict_s@@@Z 10009fe0 f   client.obj
 0001:00009000       ?SetupVisibility@@YAXPAUedict_s@@0PAPAE1@Z 1000a000 f   client.obj
 0001:00009120       ?AddToFullPack@@YAHPAUentity_state_s@@HPAUedict_s@@1HHPAE@Z 1000a120 f   client.obj
 0001:00009550       ?CreateBaseline@@YAXHHPAUentity_state_s@@PAUedict_s@@HVVector@@2@Z 1000a550 f   client.obj
 0001:00009700       ?Entity_FieldInit@@YAXPAUdelta_s@@@Z 1000a700 f   client.obj
 0001:00009770       ?Entity_Encode@@YAXPAUdelta_s@@PBE1@Z 1000a770 f   client.obj
 0001:000098d0       ?Player_FieldInit@@YAXPAUdelta_s@@@Z 1000a8d0 f   client.obj
 0001:00009910       ?Player_Encode@@YAXPAUdelta_s@@PBE1@Z 1000a910 f   client.obj
 0001:000099f0       ?Custom_Entity_FieldInit@@YAXPAUdelta_s@@@Z 1000a9f0 f   client.obj
 0001:00009aa0       ?Custom_Encode@@YAXPAUdelta_s@@PBE1@Z 1000aaa0 f   client.obj
 0001:00009b90       ?RegisterEncoders@@YAXXZ   1000ab90 f   client.obj
 0001:00009bd0       ?GetWeaponData@@YAHPAUedict_s@@PAUweapon_data_s@@@Z 1000abd0 f   client.obj
 0001:00009d40       ?UpdateClientData@@YAXPBUedict_s@@HPAUclientdata_s@@@Z 1000ad40 f   client.obj
 0001:00009f30       ?CmdStart@@YAXPBUedict_s@@PBUusercmd_s@@I@Z 1000af30 f   client.obj
 0001:00009f80       ?CmdEnd@@YAXPBUedict_s@@@Z 1000af80 f   client.obj
 0001:00009fc0       ?ConnectionlessPacket@@YAHPBUnetadr_s@@PBDPADPAH@Z 1000afc0 f   client.obj
 0001:00009fd0       ?GetHullBounds@@YAHHPAM0@Z 1000afd0 f   client.obj
 0001:00009ff0       ?CreateInstancedBaselines@@YAXXZ 1000aff0 f   client.obj
 0001:0000a000       ?InconsistentFile@@YAHPBUedict_s@@PBDPAD@Z 1000b000 f   client.obj
 0001:0000a040       ?AllowLagCompensation@@YAHXZ 1000b040 f   client.obj
 0001:0000a050       ?ShouldCollide@@YAHPAUedict_s@@0@Z 1000b050 f   client.obj
 0001:0000a0a0       ?GetClassPtr@@YAPAVCBasePlayer@@PAV1@@Z 1000b0a0 f i client.obj
 0001:0000a0f0       ?BodyTarget@CBasePlayer@@UAE?AVVector@@ABV2@@Z 1000b0f0 f i client.obj
 0001:0000a170       ?StartSneaking@CBasePlayer@@UAEXXZ 1000b170 f i client.obj
 0001:0000a190       ?StopSneaking@CBasePlayer@@UAEXXZ 1000b190 f i client.obj
 0001:0000a1b0       ?IsSneaking@CBasePlayer@@UAEHXZ 1000b1b0 f i client.obj
 0001:0000a1d0       ?IsAlive@CBasePlayer@@UAEHXZ 1000b1d0 f i client.obj
 0001:0000a200       ?ShouldFadeOnDeath@CBasePlayer@@UAEHXZ 1000b200 f i client.obj
 0001:0000a210       ?IsPlayer@CBasePlayer@@UAEHXZ 1000b210 f i client.obj
 0001:0000a220       ?IsNetClient@CBasePlayer@@UAEHXZ 1000b220 f i client.obj
 0001:0000a230       ?ObjectCaps@CBasePlayer@@UAEHXZ 1000b230 f i client.obj
 0001:0000a240       ?LimitVelocity@CGib@@QAEXXZ 1000b240 f   combat.obj
 0001:0000a340       ?SpawnStickyGibs@CGib@@SAXPAUentvars_s@@VVector@@H@Z 1000b340 f   combat.obj
 0001:0000a720       ?SpawnHeadGib@CGib@@SAXPAUentvars_s@@@Z 1000b720 f   combat.obj
 0001:0000a900       ?SpawnRandomGibs@CGib@@SAXPAUentvars_s@@HH@Z 1000b900 f   combat.obj
 0001:0000ad60       ?HasHumanGibs@CBaseMonster@@UAEHXZ 1000bd60 f   combat.obj
 0001:0000ad90       ?HasAlienGibs@CBaseMonster@@UAEHXZ 1000bd90 f   combat.obj
 0001:0000adc0       ?FadeMonster@CBaseMonster@@UAEXXZ 1000bdc0 f   combat.obj
 0001:0000ae40       ?GibMonster@CBaseMonster@@UAEXXZ 1000be40 f   combat.obj
 0001:0000af30       ?GetDeathActivity@CBaseMonster@@UAE?AW4Activity@@XZ 1000bf30 f   combat.obj
 0001:0000af60       ?GetSmallFlinchActivity@CBaseMonster@@QAE?AW4Activity@@XZ 1000bf60 f   combat.obj
 0001:0000af70       ?BecomeDead@CBaseMonster@@UAEXXZ 1000bf70 f   combat.obj
 0001:0000afb0       ?ShouldGibMonster@CBaseMonster@@QAEHH@Z 1000bfb0 f   combat.obj
 0001:0000afe0       ?CallGibMonster@CBaseMonster@@QAEXXZ 1000bfe0 f   combat.obj
 0001:0000b0d0       ?Killed@CBaseMonster@@UAEXPAUentvars_s@@H@Z 1000c0d0 f   combat.obj
 0001:0000b1e0       ?SUB_StartFadeOut@CBaseEntity@@QAEXXZ 1000c1e0 f   combat.obj
 0001:0000b250       ?SUB_FadeOut@CBaseEntity@@QAEXXZ 1000c250 f   combat.obj
 0001:0000b2c0       ?WaitTillLand@CGib@@QAEXXZ 1000c2c0 f   combat.obj
 0001:0000b360       ?BounceGibTouch@CGib@@QAEXPAVCBaseEntity@@@Z 1000c360 f   combat.obj
 0001:0000b520       ?StickyGibTouch@CGib@@QAEXPAVCBaseEntity@@@Z 1000c520 f   combat.obj
 0001:0000b700       ?Spawn@CGib@@QAEXPBD@Z     1000c700 f   combat.obj
 0001:0000b810       ?TakeHealth@CBaseMonster@@UAEHMH@Z 1000c810 f   combat.obj
 0001:0000b860       ?TakeDamage@CBaseMonster@@UAEHPAUentvars_s@@0MH@Z 1000c860 f   combat.obj
 0001:0000be50       ?DeadTakeDamage@CBaseMonster@@QAEHPAUentvars_s@@0MH@Z 1000ce50 f   combat.obj
 0001:0000c070       ?DamageForce@CBaseMonster@@QAEMM@Z 1000d070 f   combat.obj
 0001:0000c0b0       ?RadiusDamage@@YAXVVector@@PAUentvars_s@@1MMHH@Z 1000d0b0 f   combat.obj
 0001:0000c370       ??GVector@@QBE?AV0@ABV0@@Z 1000d370 f i combat.obj
 0001:0000c3b0       ?Normalize@Vector@@QBE?AV1@XZ 1000d3b0 f i combat.obj
 0001:0000c440       ?RadiusDamage@CBaseMonster@@QAEXPAUentvars_s@@0MHH@Z 1000d440 f   combat.obj
 0001:0000c490       ?RadiusDamage@CBaseMonster@@QAEXVVector@@PAUentvars_s@@1MHH@Z 1000d490 f   combat.obj
 0001:0000c4e0       ?CheckTraceHullAttack@CBaseMonster@@QAEPAVCBaseEntity@@MHH@Z 1000d4e0 f   combat.obj
 0001:0000c5f0       ?FInViewCone@CBaseMonster@@UAEHPAVCBaseEntity@@@Z 1000d5f0 f   combat.obj
 0001:0000c6d0       ?FInViewCone@CBaseMonster@@UAEHPAVVector@@@Z 1000d6d0 f   combat.obj
 0001:0000c7b0       ?FVisible@CBaseEntity@@UAEHPAV1@@Z 1000d7b0 f   combat.obj
 0001:0000c8d0       ?FVisible@CBaseEntity@@UAEHABVVector@@@Z 1000d8d0 f   combat.obj
 0001:0000c950       ?TraceAttack@CBaseEntity@@UAEXPAUentvars_s@@MVVector@@PAUTraceResult@@H@Z 1000d950 f   combat.obj
 0001:0000ca30       ?TraceAttack@CBaseMonster@@UAEXPAUentvars_s@@MVVector@@PAUTraceResult@@H@Z 1000da30 f   combat.obj
 0001:0000cab0       ?FireBullets@CBaseEntity@@QAEXKVVector@@00MHHHPAUentvars_s@@@Z 1000dab0 f   combat.obj
 0001:0000d370       ?TraceBleed@CBaseEntity@@UAEXMVVector@@PAUTraceResult@@H@Z 1000e370 f   combat.obj
 0001:0000d570       ?MakeDamageBloodDecal@CBaseMonster@@QAEXHMPAUTraceResult@@ABVVector@@@Z 1000e570 f   combat.obj
 0001:0000d6e0       ?GetClassPtr@@YAPAVCGib@@PAV1@@Z 1000e6e0 f i combat.obj
 0001:0000d730       ?ObjectCaps@CGib@@UAEHXZ   1000e730 f i combat.obj
 0001:0000d740       ?Spawn@CBaseEntity@@UAEXXZ 1000e740 f i combat.obj
 0001:0000d750       ?InArenaMode@@YAHXZ        1000e750 f   disc_arena.obj
 0001:0000d790       _disc_arena                1000e790 f   disc_arena.obj
 0001:0000d7a0       ?Spawn@CDiscArena@@UAEXXZ  1000e7a0 f   disc_arena.obj
 0001:0000d800       ?Reset@CDiscArena@@QAEXXZ  1000e800 f   disc_arena.obj
 0001:0000d890       ?StartBattle@CDiscArena@@QAEXXZ 1000e890 f   disc_arena.obj
 0001:0000da10       ?StartRound@CDiscArena@@QAEXXZ 1000ea10 f   disc_arena.obj
 0001:0000dbb0       ?ValidateCombatants@CDiscArena@@QAEHXZ 1000ebb0 f   disc_arena.obj
 0001:0000dc00       ?RestoreWorldObjects@CDiscArena@@QAEXXZ 1000ec00 f   disc_arena.obj
 0001:0000dca0       ?BattleThink@CDiscArena@@QAEXXZ 1000eca0 f   disc_arena.obj
 0001:0000dd00       ?CountDownThink@CDiscArena@@QAEXXZ 1000ed00 f   disc_arena.obj
 0001:0000ded0       ?PlayerKilled@CDiscArena@@QAEXPAVCBasePlayer@@@Z 1000eed0 f   disc_arena.obj
 0001:0000df10       ?PlayerRespawned@CDiscArena@@QAEXPAVCBasePlayer@@@Z 1000ef10 f   disc_arena.obj
 0001:0000df90       ?MoveToSpectator@CDiscArena@@QAEXPAVCBasePlayer@@@Z 1000ef90 f   disc_arena.obj
 0001:0000e040       ?BattleOver@CDiscArena@@QAEXXZ 1000f040 f   disc_arena.obj
 0001:0000e070       ?TimeOver@CDiscArena@@QAEXXZ 1000f070 f   disc_arena.obj
 0001:0000e180       ?CheckBattleOver@CDiscArena@@QAE_NXZ 1000f180 f   disc_arena.obj
 0001:0000e420       ?CheckOverThink@CDiscArena@@QAEXXZ 1000f420 f   disc_arena.obj
 0001:0000e480       ?FinishedThink@CDiscArena@@QAEXXZ 1000f480 f   disc_arena.obj
 0001:0000e5c0       ?SpawnCombatant@CDiscArena@@QAEXPAVCBasePlayer@@@Z 1000f5c0 f   disc_arena.obj
 0001:0000e5f0       ?StartBattleThink@CDiscArena@@QAEXXZ 1000f5f0 f   disc_arena.obj
 0001:0000e600       ?AllowedToFire@CDiscArena@@QAE_NXZ 1000f600 f   disc_arena.obj
 0001:0000e610       ?AddClient@CDiscArena@@QAEXPAVCBasePlayer@@H@Z 1000f610 f   disc_arena.obj
 0001:0000e6a0       ?RemoveClient@CDiscArena@@QAEXPAVCBasePlayer@@@Z 1000f6a0 f   disc_arena.obj
 0001:0000e760       ?AddPlayerToQueue@CDiscArena@@QAEXPAVCBasePlayer@@@Z 1000f760 f   disc_arena.obj
 0001:0000e810       ?RemovePlayerFromQueue@CDiscArena@@QAEXPAVCBasePlayer@@@Z 1000f810 f   disc_arena.obj
 0001:0000e8a0       ?GetNextPlayer@CDiscArena@@QAEPAVCBasePlayer@@XZ 1000f8a0 f   disc_arena.obj
 0001:0000e8e0       ?IsFull@CDiscArena@@QAEHXZ 1000f8e0 f   disc_arena.obj
 0001:0000e900       ?GetFirstSparePlayer@CDiscArena@@QAEPAVCBasePlayer@@XZ 1000f900 f   disc_arena.obj
 0001:0000e920       ?AddClientToArena@@YAXPAVCBasePlayer@@@Z 1000f920 f   disc_arena.obj
 0001:0000e9f0       ?AddPlayers@@YAHHH@Z       1000f9f0 f   disc_arena.obj
 0001:0000ea70       ?ShufflePlayers@@YAXXZ     1000fa70 f   disc_arena.obj
 0001:0000eb40       ?PostBattle@CDiscArena@@QAEXXZ 1000fb40 f   disc_arena.obj
 0001:0000ebe0       ?GetClassPtr@@YAPAVCDiscArena@@PAV1@@Z 1000fbe0 f i disc_arena.obj
 0001:0000ec30       _item_powerup              1000fc30 f   disc_powerups.obj
 0001:0000ec40       ?Spawn@CDiscwarPowerup@@UAEXXZ 1000fc40 f   disc_powerups.obj
 0001:0000ecf0       ?Activate@CDiscwarPowerup@@UAEXXZ 1000fcf0 f   disc_powerups.obj
 0001:0000ed70       ?Precache@CDiscwarPowerup@@UAEXXZ 1000fd70 f   disc_powerups.obj
 0001:0000edb0       ?SetObjectCollisionBox@CDiscwarPowerup@@UAEXXZ 1000fdb0 f   disc_powerups.obj
 0001:0000ee60       ?PowerupTouch@CDiscwarPowerup@@QAEXPAVCBaseEntity@@@Z 1000fe60 f   disc_powerups.obj
 0001:0000ef00       ?Disable@CDiscwarPowerup@@QAEXXZ 1000ff00 f   disc_powerups.obj
 0001:0000ef30       ?Enable@CDiscwarPowerup@@QAEXXZ 1000ff30 f   disc_powerups.obj
 0001:0000ef50       ?ChoosePowerupThink@CDiscwarPowerup@@QAEXXZ 1000ff50 f   disc_powerups.obj
 0001:0000f030       ?AnimateThink@CDiscwarPowerup@@QAEXXZ 10010030 f   disc_powerups.obj
 0001:0000f060       ?RemovePowerupThink@CDiscwarPowerup@@QAEXXZ 10010060 f   disc_powerups.obj
 0001:0000f0b0       ?GivePowerup@CBasePlayer@@QAEXH@Z 100100b0 f   disc_powerups.obj
 0001:0000f140       ?RemovePowerup@CBasePlayer@@QAEXH@Z 10010140 f   disc_powerups.obj
 0001:0000f1d0       ?RemoveAllPowerups@CBasePlayer@@QAEXXZ 100101d0 f   disc_powerups.obj
 0001:0000f220       ?HasPowerup@CBasePlayer@@QAE_NH@Z 10010220 f   disc_powerups.obj
 0001:0000f240       ?GetClassPtr@@YAPAVCDiscwarPowerup@@PAV1@@Z 10010240 f i disc_powerups.obj
 0001:0000f290       _weapon_disc               10010290 f   disc_weapon_disc.obj
 0001:0000f2a0       _disc                      100102a0 f   disc_weapon_disc.obj
 0001:0000f2b0       ?Spawn@CDisc@@UAEXXZ       100102b0 f   disc_weapon_disc.obj
 0001:0000f630       ?Precache@CDisc@@UAEXXZ    10010630 f   disc_weapon_disc.obj
 0001:0000f6e0       ?ReturnToThrower@CDisc@@QAEXXZ 100106e0 f   disc_weapon_disc.obj
 0001:0000f770       ?DiscTouch@CDisc@@QAEXPAVCBaseEntity@@@Z 10010770 f   disc_weapon_disc.obj
 0001:0000fce0       ?DiscThink@CDisc@@QAEXXZ   10010ce0 f   disc_weapon_disc.obj
 0001:00010390       ??8Vector@@QBEHABV0@@Z     10011390 f i disc_weapon_disc.obj
 0001:000103d0       ?CreateDisc@CDisc@@SAPAV1@VVector@@0PAVCBaseEntity@@PAVCDiscWeapon@@_NH@Z 100113d0 f   disc_weapon_disc.obj
 0001:00010490       ?Spawn@CDiscWeapon@@UAEXXZ 10011490 f   disc_weapon_disc.obj
 0001:000104e0       ?Precache@CDiscWeapon@@UAEXXZ 100114e0 f   disc_weapon_disc.obj
 0001:00010550       ?GetItemInfo@CDiscWeapon@@UAEHPAUItemInfo@@@Z 10011550 f   disc_weapon_disc.obj
 0001:000105b0       ?Deploy@CDiscWeapon@@UAEHXZ 100115b0 f   disc_weapon_disc.obj
 0001:000105d0       ?CanHolster@CDiscWeapon@@UAEHXZ 100115d0 f   disc_weapon_disc.obj
 0001:000105e0       ?Holster@CDiscWeapon@@UAEXH@Z 100115e0 f   disc_weapon_disc.obj
 0001:00010680       ?FireDisc@CDiscWeapon@@QAEPAVCDisc@@_N@Z 10011680 f   disc_weapon_disc.obj
 0001:00010b20       ?PrimaryAttack@CDiscWeapon@@UAEXXZ 10011b20 f   disc_weapon_disc.obj
 0001:00010c10       ?SecondaryAttack@CDiscWeapon@@UAEXXZ 10011c10 f   disc_weapon_disc.obj
 0001:00010d50       ?WeaponIdle@CDiscWeapon@@UAEXXZ 10011d50 f   disc_weapon_disc.obj
 0001:000112b0       ?AddDuplicate@CDiscWeapon@@UAEHPAVCBasePlayerItem@@@Z 100122b0 f   disc_weapon_disc.obj
 0001:000112d0       ?GetClassPtr@@YAPAVCDiscWeapon@@PAV1@@Z 100122d0 f i disc_weapon_disc.obj
 0001:00011320       ?ItemPreFrame@CBasePlayerItem@@UAEXXZ 10012320 f i disc_weapon_disc.obj
 0001:00011330       ?AddWeapon@CBasePlayerWeapon@@UAEHXZ 10012330 f i disc_weapon_disc.obj
 0001:00011340       ?UpdateItemInfo@CBasePlayerWeapon@@UAEXXZ 10012340 f i disc_weapon_disc.obj
 0001:00011350       ?Reload@CBasePlayerWeapon@@UAEXXZ 10012350 f i disc_weapon_disc.obj
 0001:00011360       ?ShouldWeaponIdle@CBasePlayerWeapon@@UAEHXZ 10012360 f i disc_weapon_disc.obj
 0001:00011370       ?GetWeaponPtr@CBasePlayerWeapon@@UAEPAVCBasePlayerItem@@XZ 10012370 f i disc_weapon_disc.obj
 0001:00011380       ?iItemSlot@CDiscWeapon@@UAEHXZ 10012380 f i disc_weapon_disc.obj
 0001:00011390       ?UseDecrement@CDiscWeapon@@UAEHXZ 10012390 f i disc_weapon_disc.obj
 0001:000113a0       ?GetClassPtr@@YAPAVCDisc@@PAV1@@Z 100123a0 f i disc_weapon_disc.obj
 0001:000113f0       ?BloodColor@CGrenade@@UAEHXZ 100123f0 f i disc_weapon_disc.obj
 0001:00011400       ?IsDisc@CDisc@@UAEHXZ      10012400 f i disc_weapon_disc.obj
 0001:00011410       ?Save@CBaseDoor@@UAEHAAVCSave@@@Z 10012410 f   doors.obj
 0001:00011440       ?Restore@CBaseDoor@@UAEHAAVCRestore@@@Z 10012440 f   doors.obj
 0001:00011470       ?PlayLockSounds@@YAXPAUentvars_s@@PAUlocksounds@@HH@Z 10012470 f   doors.obj
 0001:00011690       ?KeyValue@CBaseDoor@@UAEXPAUKeyValueData_s@@@Z 10012690 f   doors.obj
 0001:000119e0       _func_door                 100129e0 f   doors.obj
 0001:000119f0       _func_water                100129f0 f   doors.obj
 0001:00011a00       ?Spawn@CBaseDoor@@UAEXXZ   10012a00 f   doors.obj
 0001:00011be0       ?SetToggleState@CBaseDoor@@UAEXH@Z 10012be0 f   doors.obj
 0001:00011c10       ?Precache@CBaseDoor@@UAEXXZ 10012c10 f   doors.obj
 0001:00012140       ?DoorTouch@CBaseDoor@@QAEXPAVCBaseEntity@@@Z 10013140 f   doors.obj
 0001:00012210       ?Use@CBaseDoor@@UAEXPAVCBaseEntity@@0W4USE_TYPE@@M@Z 10013210 f   doors.obj
 0001:00012250       ?DoorActivate@CBaseDoor@@QAEHXZ 10013250 f   doors.obj
 0001:00012310       ?DoorGoUp@CBaseDoor@@QAEXXZ 10013310 f   doors.obj
 0001:00012590       ?DoorHitTop@CBaseDoor@@QAEXXZ 10013590 f   doors.obj
 0001:000126c0       ?DoorGoDown@CBaseDoor@@QAEXXZ 100136c0 f   doors.obj
 0001:000127a0       ?DoorHitBottom@CBaseDoor@@QAEXXZ 100137a0 f   doors.obj
 0001:000128a0       ?Blocked@CBaseDoor@@UAEXPAVCBaseEntity@@@Z 100138a0 f   doors.obj
 0001:00012b70       _func_door_rotating        10013b70 f   doors.obj
 0001:00012b80       ?Spawn@CRotDoor@@UAEXXZ    10013b80 f   doors.obj
 0001:00012de0       ?SetToggleState@CRotDoor@@UAEXH@Z 10013de0 f   doors.obj
 0001:00012e50       _momentary_door            10013e50 f   doors.obj
 0001:00012e60       ?Save@CMomentaryDoor@@UAEHAAVCSave@@@Z 10013e60 f   doors.obj
 0001:00012e90       ?Restore@CMomentaryDoor@@UAEHAAVCRestore@@@Z 10013e90 f   doors.obj
 0001:00012ec0       ?Spawn@CMomentaryDoor@@UAEXXZ 10013ec0 f   doors.obj
 0001:00013070       ?Precache@CMomentaryDoor@@UAEXXZ 10014070 f   doors.obj
 0001:000131d0       ?KeyValue@CMomentaryDoor@@UAEXPAUKeyValueData_s@@@Z 100141d0 f   doors.obj
 0001:000132d0       ?Use@CMomentaryDoor@@UAEXPAVCBaseEntity@@0W4USE_TYPE@@M@Z 100142d0 f   doors.obj
 0001:000134a0       ?GetClassPtr@@YAPAVCBaseDoor@@PAV1@@Z 100144a0 f i doors.obj
 0001:000134f0       ?ObjectCaps@CBaseDoor@@UAEHXZ 100144f0 f i doors.obj
 0001:00013500       ?GetClassPtr@@YAPAVCRotDoor@@PAV1@@Z 10014500 f i doors.obj
 0001:00013550       ?GetClassPtr@@YAPAVCMomentaryDoor@@PAV1@@Z 10014550 f i doors.obj
 0001:000135a0       ?ObjectCaps@CMomentaryDoor@@UAEHXZ 100145a0 f i doors.obj
 0001:000135b0       _info_target               100145b0 f   effects.obj
 0001:000135c0       _env_bubbles               100145c0 f   effects.obj
 0001:000135d0       ?Save@CBubbling@@UAEHAAVCSave@@@Z 100145d0 f   effects.obj
 0001:00013600       ?Restore@CBubbling@@UAEHAAVCRestore@@@Z 10014600 f   effects.obj
 0001:00013630       ?Spawn@CBubbling@@UAEXXZ   10014630 f   effects.obj
 0001:00013740       ?Precache@CBubbling@@UAEXXZ 10014740 f   effects.obj
 0001:00013760       ?Use@CBubbling@@UAEXPAVCBaseEntity@@0W4USE_TYPE@@M@Z 10014760 f   effects.obj
 0001:000137c0       ?KeyValue@CBubbling@@UAEXPAUKeyValueData_s@@@Z 100147c0 f   effects.obj
 0001:000138e0       ?FizzThink@CBubbling@@QAEXXZ 100148e0 f   effects.obj
 0001:00013990       _beam                      10014990 f   effects.obj
 0001:000139a0       ?Spawn@CBeam@@UAEXXZ       100149a0 f   effects.obj
 0001:000139c0       ?Precache@CBeam@@UAEXXZ    100149c0 f   effects.obj
 0001:00013a10       ?SetStartEntity@CBeam@@QAEXH@Z 10014a10 f   effects.obj
 0001:00013a60       ?SetEndEntity@CBeam@@QAEXH@Z 10014a60 f   effects.obj
 0001:00013ab0       ?GetStartPos@CBeam@@QAEABVVector@@XZ 10014ab0 f   effects.obj
 0001:00013af0       ?GetEndPos@CBeam@@QAEABVVector@@XZ 10014af0 f   effects.obj
 0001:00013b40       ?BeamCreate@CBeam@@SAPAV1@PBDH@Z 10014b40 f   effects.obj
 0001:00013b80       ?BeamInit@CBeam@@QAEXPBDH@Z 10014b80 f   effects.obj
 0001:00013c40       ?PointsInit@CBeam@@QAEXABVVector@@0@Z 10014c40 f   effects.obj
 0001:00013cc0       ?HoseInit@CBeam@@QAEXABVVector@@0@Z 10014cc0 f   effects.obj
 0001:00013d40       ?PointEntInit@CBeam@@QAEXABVVector@@H@Z 10014d40 f   effects.obj
 0001:00013dc0       ?EntsInit@CBeam@@QAEXHH@Z  10014dc0 f   effects.obj
 0001:00013e30       ?RelinkBeam@CBeam@@QAEXXZ  10014e30 f   effects.obj
 0001:00013fd0       ?TriggerTouch@CBeam@@QAEXPAVCBaseEntity@@@Z 10014fd0 f   effects.obj
 0001:00014030       ?RandomTargetname@CBeam@@QAEPAVCBaseEntity@@PBD@Z 10015030 f   effects.obj
 0001:00014090       ?DoSparks@CBeam@@QAEXABVVector@@0@Z 10015090 f   effects.obj
 0001:000140e0       _env_lightning             100150e0 f   effects.obj
 0001:000140f0       _env_beam                  100150f0 f   effects.obj
 0001:00014100       ?Save@CLightning@@UAEHAAVCSave@@@Z 10015100 f   effects.obj
 0001:00014130       ?Restore@CLightning@@UAEHAAVCRestore@@@Z 10015130 f   effects.obj
 0001:00014160       ?Spawn@CLightning@@UAEXXZ  10015160 f   effects.obj
 0001:00014280       ?Precache@CLightning@@UAEXXZ 10015280 f   effects.obj
 0001:000142b0       ?Activate@CLightning@@UAEXXZ 100152b0 f   effects.obj
 0001:000142e0       ?KeyValue@CLightning@@UAEXPAUKeyValueData_s@@@Z 100152e0 f   effects.obj
 0001:00014680       ?ToggleUse@CLightning@@QAEXPAVCBaseEntity@@0W4USE_TYPE@@M@Z 10015680 f   effects.obj
 0001:00014730       ?StrikeUse@CLightning@@QAEXPAVCBaseEntity@@0W4USE_TYPE@@M@Z 10015730 f   effects.obj
 0001:00014790       ?IsPointEntity@@YAHPAVCBaseEntity@@@Z 10015790 f   effects.obj
 0001:00014870       ?StrikeThink@CLightning@@QAEXXZ 10015870 f   effects.obj
 0001:00014c30       ?BeamDamage@CBeam@@QAEXPAUTraceResult@@@Z 10015c30 f   effects.obj
 0001:00014d40       ?DamageThink@CLightning@@QAEXXZ 10015d40 f   effects.obj
 0001:00014d90       ?Zap@CLightning@@QAEXABVVector@@0@Z 10015d90 f   effects.obj
 0001:00014ec0       ?RandomArea@CLightning@@QAEXXZ 10015ec0 f   effects.obj
 0001:00015300       ?RandomPoint@CLightning@@QAEXAAVVector@@@Z 10016300 f   effects.obj
 0001:000154e0       ?BeamUpdateVars@CLightning@@QAEXXZ 100164e0 f   effects.obj
 0001:000156f0       _env_laser                 100166f0 f   effects.obj
 0001:00015700       ?Save@CLaser@@UAEHAAVCSave@@@Z 10016700 f   effects.obj
 0001:00015730       ?Restore@CLaser@@UAEHAAVCRestore@@@Z 10016730 f   effects.obj
 0001:00015760       ?Spawn@CLaser@@UAEXXZ      10016760 f   effects.obj
 0001:000158c0       ?Precache@CLaser@@UAEXXZ   100168c0 f   effects.obj
 0001:00015910       ?KeyValue@CLaser@@UAEXPAUKeyValueData_s@@@Z 10016910 f   effects.obj
 0001:00015c00       ?IsOn@CLaser@@QAEHXZ       10016c00 f   effects.obj
 0001:00015c20       ?TurnOff@CLaser@@QAEXXZ    10016c20 f   effects.obj
 0001:00015c50       ?TurnOn@CLaser@@QAEXXZ     10016c50 f   effects.obj
 0001:00015ca0       ?Use@CLaser@@UAEXPAVCBaseEntity@@0W4USE_TYPE@@M@Z 10016ca0 f   effects.obj
 0001:00015ce0       ?FireAtPoint@CLaser@@QAEXAAUTraceResult@@@Z 10016ce0 f   effects.obj
 0001:00015d40       ?StrikeThink@CLaser@@QAEXXZ 10016d40 f   effects.obj
 0001:00015dd0       _env_glow                  10016dd0 f   effects.obj
 0001:00015de0       ?Save@CGlow@@UAEHAAVCSave@@@Z 10016de0 f   effects.obj
 0001:00015e10       ?Restore@CGlow@@UAEHAAVCRestore@@@Z 10016e10 f   effects.obj
 0001:00015e40       ?Spawn@CGlow@@UAEXXZ       10016e40 f   effects.obj
 0001:00015f40       ?Think@CGlow@@UAEXXZ       10016f40 f   effects.obj
 0001:00015f90       ?Animate@CGlow@@QAEXM@Z    10016f90 f   effects.obj
 0001:00015fc0       _env_sprite                10016fc0 f   effects.obj
 0001:00015fd0       ?Save@CSprite@@UAEHAAVCSave@@@Z 10016fd0 f   effects.obj
 0001:00016000       ?Restore@CSprite@@UAEHAAVCRestore@@@Z 10017000 f   effects.obj
 0001:00016030       ?Spawn@CSprite@@UAEXXZ     10017030 f   effects.obj
 0001:00016110       ?Precache@CSprite@@UAEXXZ  10017110 f   effects.obj
 0001:000161a0       ?SpriteInit@CSprite@@QAEXPBDABVVector@@@Z 100171a0 f   effects.obj
 0001:000161e0       ?SpriteCreate@CSprite@@SAPAV1@PBDABVVector@@H@Z 100171e0 f   effects.obj
 0001:00016250       ?AnimateThink@CSprite@@QAEXXZ 10017250 f   effects.obj
 0001:000162a0       ?AnimateUntilDead@CSprite@@QAEXXZ 100172a0 f   effects.obj
 0001:000162e0       ?Expand@CSprite@@QAEXMM@Z  100172e0 f   effects.obj
 0001:00016320       ?ExpandThink@CSprite@@QAEXXZ 10017320 f   effects.obj
 0001:000163a0       ?Animate@CSprite@@QAEXM@Z  100173a0 f   effects.obj
 0001:00016410       ?TurnOff@CSprite@@QAEXXZ   10017410 f   effects.obj
 0001:00016430       ?TurnOn@CSprite@@QAEXXZ    10017430 f   effects.obj
 0001:000164b0       ?Use@CSprite@@UAEXPAVCBaseEntity@@0W4USE_TYPE@@M@Z 100174b0 f   effects.obj
 0001:00016500       ?Save@CGibShooter@@UAEHAAVCSave@@@Z 10017500 f   effects.obj
 0001:00016530       ?Restore@CGibShooter@@UAEHAAVCRestore@@@Z 10017530 f   effects.obj
 0001:00016560       _gibshooter                10017560 f   effects.obj
 0001:00016570       ?Precache@CGibShooter@@UAEXXZ 10017570 f   effects.obj
 0001:000165b0       ?KeyValue@CGibShooter@@UAEXPAUKeyValueData_s@@@Z 100175b0 f   effects.obj
 0001:00016720       ?Use@CGibShooter@@UAEXPAVCBaseEntity@@0W4USE_TYPE@@M@Z 10017720 f   effects.obj
 0001:00016740       ?Spawn@CGibShooter@@UAEXXZ 10017740 f   effects.obj
 0001:000167c0       ?CreateGib@CGibShooter@@UAEPAVCGib@@XZ 100177c0 f   effects.obj
 0001:00016850       ?ShootThink@CGibShooter@@QAEXXZ 10017850 f   effects.obj
 0001:00016c20       _env_shooter               10017c20 f   effects.obj
 0001:00016c30       ?KeyValue@CEnvShooter@@EAEXPAUKeyValueData_s@@@Z 10017c30 f   effects.obj
 0001:00016d60       ?Precache@CEnvShooter@@EAEXXZ 10017d60 f   effects.obj
 0001:00016da0       ?CreateGib@CEnvShooter@@EAEPAVCGib@@XZ 10017da0 f   effects.obj
 0001:00016e90       _test_effect               10017e90 f   effects.obj
 0001:00016ea0       ?Spawn@CTestEffect@@UAEXXZ 10017ea0 f   effects.obj
 0001:00016eb0       ?Precache@CTestEffect@@UAEXXZ 10017eb0 f   effects.obj
 0001:00016ec0       ?TestThink@CTestEffect@@QAEXXZ 10017ec0 f   effects.obj
 0001:00017180       ?Use@CTestEffect@@UAEXPAVCBaseEntity@@0W4USE_TYPE@@M@Z 10018180 f   effects.obj
 0001:000171b0       _env_blood                 100181b0 f   effects.obj
 0001:000171c0       ?Spawn@CBlood@@UAEXXZ      100181c0 f   effects.obj
 0001:00017200       ?KeyValue@CBlood@@UAEXPAUKeyValueData_s@@@Z 10018200 f   effects.obj
 0001:000172f0       ?Direction@CBlood@@QAE?AVVector@@XZ 100182f0 f   effects.obj
 0001:00017350       ?BloodPosition@CBlood@@QAE?AVVector@@PAVCBaseEntity@@@Z 10018350 f   effects.obj
 0001:00017460       ?Use@CBlood@@UAEXPAVCBaseEntity@@0W4USE_TYPE@@M@Z 10018460 f   effects.obj
 0001:000175f0       _env_shake                 100185f0 f   effects.obj
 0001:00017600       ?Spawn@CShake@@UAEXXZ      10018600 f   effects.obj
 0001:00017640       ?KeyValue@CShake@@UAEXPAUKeyValueData_s@@@Z 10018640 f   effects.obj
 0001:000177c0       ?Use@CShake@@UAEXPAVCBaseEntity@@0W4USE_TYPE@@M@Z 100187c0 f   effects.obj
 0001:00017800       _env_fade                  10018800 f   effects.obj
 0001:00017810       ?Spawn@CFade@@UAEXXZ       10018810 f   effects.obj
 0001:00017840       ?KeyValue@CFade@@UAEXPAUKeyValueData_s@@@Z 10018840 f   effects.obj
 0001:00017910       ?Use@CFade@@UAEXPAVCBaseEntity@@0W4USE_TYPE@@M@Z 10018910 f   effects.obj
 0001:000179e0       _env_message               100189e0 f   effects.obj
 0001:000179f0       ?Spawn@CMessage@@UAEXXZ    100189f0 f   effects.obj
 0001:00017a80       ?Precache@CMessage@@UAEXXZ 10018a80 f   effects.obj
 0001:00017ab0       ?KeyValue@CMessage@@UAEXPAUKeyValueData_s@@@Z 10018ab0 f   effects.obj
 0001:00017be0       ?Use@CMessage@@UAEXPAVCBaseEntity@@0W4USE_TYPE@@M@Z 10018be0 f   effects.obj
 0001:00017ce0       ?Precache@CEnvFunnel@@UAEXXZ 10018ce0 f   effects.obj
 0001:00017d00       _env_funnel                10018d00 f   effects.obj
 0001:00017d10       ?Use@CEnvFunnel@@UAEXPAVCBaseEntity@@0W4USE_TYPE@@M@Z 10018d10 f   effects.obj
 0001:00017da0       ?Spawn@CEnvFunnel@@UAEXXZ  10018da0 f   effects.obj
 0001:00017dd0       ?Precache@CEnvBeverage@@UAEXXZ 10018dd0 f   effects.obj
 0001:00017df0       _env_beverage              10018df0 f   effects.obj
 0001:00017e00       ?Use@CEnvBeverage@@UAEXPAVCBaseEntity@@0W4USE_TYPE@@M@Z 10018e00 f   effects.obj
 0001:00017eb0       ?Spawn@CEnvBeverage@@UAEXXZ 10018eb0 f   effects.obj
 0001:00017f00       ?Precache@CItemSoda@@UAEXXZ 10018f00 f   effects.obj
 0001:00017f10       _item_sodacan              10018f10 f   effects.obj
 0001:00017f20       ?Spawn@CItemSoda@@UAEXXZ   10018f20 f   effects.obj
 0001:00017fd0       ?CanThink@CItemSoda@@QAEXXZ 10018fd0 f   effects.obj
 0001:00018060       ?CanTouch@CItemSoda@@QAEXPAVCBaseEntity@@@Z 10019060 f   effects.obj
 0001:000180f0       ?GetClassPtr@@YAPAVCPointEntity@@PAV1@@Z 100190f0 f i effects.obj
 0001:00018140       ?GetClassPtr@@YAPAVCBubbling@@PAV1@@Z 10019140 f i effects.obj
 0001:00018190       ?ObjectCaps@CBubbling@@UAEHXZ 10019190 f i effects.obj
 0001:000181a0       ?GetClassPtr@@YAPAVCBeam@@PAV1@@Z 100191a0 f i effects.obj
 0001:000181f0       ?ObjectCaps@CBeam@@UAEHXZ  100191f0 f i effects.obj
 0001:00018210       ?Center@CBeam@@UAE?AVVector@@XZ 10019210 f i effects.obj
 0001:00018280       ?GetClassPtr@@YAPAVCLightning@@PAV1@@Z 10019280 f i effects.obj
 0001:000182d0       ?GetClassPtr@@YAPAVCLaser@@PAV1@@Z 100192d0 f i effects.obj
 0001:00018320       ?GetClassPtr@@YAPAVCGlow@@PAV1@@Z 10019320 f i effects.obj
 0001:00018370       ?GetClassPtr@@YAPAVCSprite@@PAV1@@Z 10019370 f i effects.obj
 0001:000183c0       ?ObjectCaps@CSprite@@UAEHXZ 100193c0 f i effects.obj
 0001:000183e0       ?GetClassPtr@@YAPAVCGibShooter@@PAV1@@Z 100193e0 f i effects.obj
 0001:00018430       ?GetClassPtr@@YAPAVCEnvShooter@@PAV1@@Z 10019430 f i effects.obj
 0001:00018480       ?GetClassPtr@@YAPAVCTestEffect@@PAV1@@Z 10019480 f i effects.obj
 0001:000184d0       ?GetClassPtr@@YAPAVCBlood@@PAV1@@Z 100194d0 f i effects.obj
 0001:00018520       ?GetClassPtr@@YAPAVCShake@@PAV1@@Z 10019520 f i effects.obj
 0001:00018570       ?GetClassPtr@@YAPAVCFade@@PAV1@@Z 10019570 f i effects.obj
 0001:000185c0       ?GetClassPtr@@YAPAVCMessage@@PAV1@@Z 100195c0 f i effects.obj
 0001:00018610       ?GetClassPtr@@YAPAVCEnvFunnel@@PAV1@@Z 10019610 f i effects.obj
 0001:00018660       ?GetClassPtr@@YAPAVCEnvBeverage@@PAV1@@Z 10019660 f i effects.obj
 0001:000186b0       ?GetClassPtr@@YAPAVCItemSoda@@PAV1@@Z 100196b0 f i effects.obj
 0001:00018700       _spark_shower              10019700 f   explode.obj
 0001:00018710       ?Spawn@CShower@@EAEXXZ     10019710 f   explode.obj
 0001:00018890       ?Think@CShower@@EAEXXZ     10019890 f   explode.obj
 0001:00018920       ?Touch@CShower@@EAEXPAVCBaseEntity@@@Z 10019920 f   explode.obj
 0001:00018a00       ?Save@CEnvExplosion@@UAEHAAVCSave@@@Z 10019a00 f   explode.obj
 0001:00018a30       ?Restore@CEnvExplosion@@UAEHAAVCRestore@@@Z 10019a30 f   explode.obj
 0001:00018a60       _env_explosion             10019a60 f   explode.obj
 0001:00018a70       ?KeyValue@CEnvExplosion@@UAEXPAUKeyValueData_s@@@Z 10019a70 f   explode.obj
 0001:00018af0       ?Spawn@CEnvExplosion@@UAEXXZ 10019af0 f   explode.obj
 0001:00018b50       ?Use@CEnvExplosion@@UAEXPAVCBaseEntity@@0W4USE_TYPE@@M@Z 10019b50 f   explode.obj
 0001:00018e50       ?Smoke@CEnvExplosion@@QAEXXZ 10019e50 f   explode.obj
 0001:00018ef0       ?ExplosionCreate@@YAXABVVector@@0PAUedict_s@@HH@Z 10019ef0 f   explode.obj
 0001:00018f90       ?GetClassPtr@@YAPAVCShower@@PAV1@@Z 10019f90 f i explode.obj
 0001:00018fe0       ?ObjectCaps@CShower@@EAEHXZ 10019fe0 f i explode.obj
 0001:00018ff0       ?GetClassPtr@@YAPAVCEnvExplosion@@PAV1@@Z 10019ff0 f i explode.obj
 0001:00019040       ?KeyValue@CBreakable@@UAEXPAUKeyValueData_s@@@Z 1001a040 f   func_break.obj
 0001:00019360       _func_breakable            1001a360 f   func_break.obj
 0001:00019370       ?Save@CBreakable@@UAEHAAVCSave@@@Z 1001a370 f   func_break.obj
 0001:000193a0       ?Restore@CBreakable@@UAEHAAVCRestore@@@Z 1001a3a0 f   func_break.obj
 0001:000193d0       ?Spawn@CBreakable@@UAEXXZ  1001a3d0 f   func_break.obj
 0001:00019490       ?MaterialSoundList@CBreakable@@SAPAPBDW4Materials@@AAH@Z 1001a490 f   func_break.obj
 0001:00019530       ?MaterialSoundPrecache@CBreakable@@SAXW4Materials@@@Z 1001a530 f   func_break.obj
 0001:00019580       ?MaterialSoundRandom@CBreakable@@SAXPAUedict_s@@W4Materials@@M@Z 1001a580 f   func_break.obj
 0001:000195e0       ?Precache@CBreakable@@UAEXXZ 1001a5e0 f   func_break.obj
 0001:00019770       ?DamageSound@CBreakable@@QAEXXZ 1001a770 f   func_break.obj
 0001:00019910       ?BreakTouch@CBreakable@@QAEXPAVCBaseEntity@@@Z 1001a910 f   func_break.obj
 0001:00019a20       ?Use@CBreakable@@UAEXPAVCBaseEntity@@0W4USE_TYPE@@M@Z 1001aa20 f   func_break.obj
 0001:00019a70       ?TraceAttack@CBreakable@@UAEXPAUentvars_s@@MVVector@@PAUTraceResult@@H@Z 1001aa70 f   func_break.obj
 0001:00019b60       ?TakeDamage@CBreakable@@UAEHPAUentvars_s@@0MH@Z 1001ab60 f   func_break.obj
 0001:00019dd0       ?Die@CBreakable@@QAEXXZ    1001add0 f   func_break.obj
 0001:0001a380       ?IsBreakable@CBreakable@@QAEHXZ 1001b380 f   func_break.obj
 0001:0001a390       ?DamageDecal@CBreakable@@UAEHH@Z 1001b390 f   func_break.obj
 0001:0001a3d0       ?Save@CPushable@@UAEHAAVCSave@@@Z 1001b3d0 f   func_break.obj
 0001:0001a400       ?Restore@CPushable@@UAEHAAVCRestore@@@Z 1001b400 f   func_break.obj
 0001:0001a430       _func_pushable             1001b430 f   func_break.obj
 0001:0001a440       ?Spawn@CPushable@@UAEXXZ   1001b440 f   func_break.obj
 0001:0001a550       ?Precache@CPushable@@UAEXXZ 1001b550 f   func_break.obj
 0001:0001a590       ?KeyValue@CPushable@@UAEXPAUKeyValueData_s@@@Z 1001b590 f   func_break.obj
 0001:0001a7c0       ?Use@CPushable@@UAEXPAVCBaseEntity@@0W4USE_TYPE@@M@Z 1001b7c0 f   func_break.obj
 0001:0001a850       ?Touch@CPushable@@UAEXPAVCBaseEntity@@@Z 1001b850 f   func_break.obj
 0001:0001a8c0       ?Move@CPushable@@QAEXPAVCBaseEntity@@H@Z 1001b8c0 f   func_break.obj
 0001:0001aaa0       ?TakeDamage@CPushable@@UAEHPAUentvars_s@@0MH@Z 1001baa0 f   func_break.obj
 0001:0001aad0       ?GetClassPtr@@YAPAVCBreakable@@PAV1@@Z 1001bad0 f i func_break.obj
 0001:0001ab20       ?ObjectCaps@CBreakable@@UAEHXZ 1001bb20 f i func_break.obj
 0001:0001ab30       ?GetClassPtr@@YAPAVCPushable@@PAV1@@Z 1001bb30 f i func_break.obj
 0001:0001ab80       ?ObjectCaps@CPushable@@UAEHXZ 1001bb80 f i func_break.obj
 0001:0001ab90       ?Save@CFuncTank@@UAEHAAVCSave@@@Z 1001bb90 f   func_tank.obj
 0001:0001abc0       ?Restore@CFuncTank@@UAEHAAVCRestore@@@Z 1001bbc0 f   func_tank.obj
 0001:0001aca0       ?Spawn@CFuncTank@@UAEXXZ   1001bca0 f   func_tank.obj
 0001:0001af10       ?Precache@CFuncTank@@UAEXXZ 1001bf10 f   func_tank.obj
 0001:0001af80       ?KeyValue@CFuncTank@@UAEXPAUKeyValueData_s@@@Z 1001bf80 f   func_tank.obj
 0001:0001b660       ?OnControls@CFuncTank@@UAEHPAUentvars_s@@@Z 1001c660 f   func_tank.obj
 0001:0001b6c0       ?StartControl@CFuncTank@@QAEHPAVCBasePlayer@@@Z 1001c6c0 f   func_tank.obj
 0001:0001b780       ?StopControl@CFuncTank@@QAEXXZ 1001c780 f   func_tank.obj
 0001:0001b800       ?ControllerPostFrame@CFuncTank@@QAEXXZ 1001c800 f   func_tank.obj
 0001:0001ba40       ?Use@CFuncTank@@UAEXPAVCBaseEntity@@0W4USE_TYPE@@M@Z 1001ca40 f   func_tank.obj
 0001:0001bb20       ?FindTarget@CFuncTank@@QAEPAUedict_s@@PAU2@@Z 1001cb20 f   func_tank.obj
 0001:0001bb30       ?InRange@CFuncTank@@QAEHM@Z 1001cb30 f   func_tank.obj
 0001:0001bb70       ?Think@CFuncTank@@UAEXXZ   1001cb70 f   func_tank.obj
 0001:0001bbe0       ?TrackTarget@CFuncTank@@QAEXXZ 1001cbe0 f   func_tank.obj
 0001:0001c400       ?AdjustAnglesForBarrel@CFuncTank@@QAEXAAVVector@@M@Z 1001d400 f   func_tank.obj
 0001:0001c490       ?Fire@CFuncTank@@UAEXABVVector@@0PAUentvars_s@@@Z 1001d490 f   func_tank.obj
 0001:0001c6b0       ?TankTrace@CFuncTank@@QAEXABVVector@@00AAUTraceResult@@@Z 1001d6b0 f   func_tank.obj
 0001:0001c8d0       ?StartRotSound@CFuncTank@@QAEXXZ 1001d8d0 f   func_tank.obj
 0001:0001c930       ?StopRotSound@CFuncTank@@QAEXXZ 1001d930 f   func_tank.obj
 0001:0001c990       _func_tank                 1001d990 f   func_tank.obj
 0001:0001c9a0       ?Fire@CFuncTankGun@@UAEXABVVector@@0PAUentvars_s@@@Z 1001d9a0 f   func_tank.obj
 0001:0001cad0       _func_tanklaser            1001dad0 f   func_tank.obj
 0001:0001cae0       ?Save@CFuncTankLaser@@UAEHAAVCSave@@@Z 1001dae0 f   func_tank.obj
 0001:0001cb10       ?Restore@CFuncTankLaser@@UAEHAAVCRestore@@@Z 1001db10 f   func_tank.obj
 0001:0001cb40       ?Activate@CFuncTankLaser@@UAEXXZ 1001db40 f   func_tank.obj
 0001:0001cb80       ?KeyValue@CFuncTankLaser@@UAEXPAUKeyValueData_s@@@Z 1001db80 f   func_tank.obj
 0001:0001cc00       ?GetLaser@CFuncTankLaser@@QAEPAVCLaser@@XZ 1001dc00 f   func_tank.obj
 0001:0001ccf0       ?Think@CFuncTankLaser@@UAEXXZ 1001dcf0 f   func_tank.obj
 0001:0001cd20       ?Fire@CFuncTankLaser@@UAEXABVVector@@0PAUentvars_s@@@Z 1001dd20 f   func_tank.obj
 0001:0001ce60       _func_tankrocket           1001de60 f   func_tank.obj
 0001:0001ce70       ?Precache@CFuncTankRocket@@UAEXXZ 1001de70 f   func_tank.obj
 0001:0001ce90       ?Fire@CFuncTankRocket@@UAEXABVVector@@0PAUentvars_s@@@Z 1001de90 f   func_tank.obj
 0001:0001cf20       _func_tankmortar           1001df20 f   func_tank.obj
 0001:0001cf30       ?KeyValue@CFuncTankMortar@@UAEXPAUKeyValueData_s@@@Z 1001df30 f   func_tank.obj
 0001:0001cfb0       ?Fire@CFuncTankMortar@@UAEXABVVector@@0PAUentvars_s@@@Z 1001dfb0 f   func_tank.obj
 0001:0001d080       _func_tankcontrols         1001e080 f   func_tank.obj
 0001:0001d090       ?Save@CFuncTankControls@@UAEHAAVCSave@@@Z 1001e090 f   func_tank.obj
 0001:0001d0c0       ?Restore@CFuncTankControls@@UAEHAAVCRestore@@@Z 1001e0c0 f   func_tank.obj
 0001:0001d0f0       ?ObjectCaps@CFuncTankControls@@UAEHXZ 1001e0f0 f   func_tank.obj
 0001:0001d100       ?Use@CFuncTankControls@@UAEXPAVCBaseEntity@@0W4USE_TYPE@@M@Z 1001e100 f   func_tank.obj
 0001:0001d130       ?Think@CFuncTankControls@@UAEXXZ 1001e130 f   func_tank.obj
 0001:0001d1e0       ?Spawn@CFuncTankControls@@UAEXXZ 1001e1e0 f   func_tank.obj
 0001:0001d280       ?GetClassPtr@@YAPAVCFuncTankGun@@PAV1@@Z 1001e280 f i func_tank.obj
 0001:0001d2d0       ?UpdateTargetPosition@CFuncTank@@UAE?AVVector@@PAVCBaseEntity@@@Z 1001e2d0 f i func_tank.obj
 0001:0001d310       ?ObjectCaps@CFuncTank@@UAEHXZ 1001e310 f i func_tank.obj
 0001:0001d320       ?GetClassPtr@@YAPAVCFuncTankLaser@@PAV1@@Z 1001e320 f i func_tank.obj
 0001:0001d370       ?GetClassPtr@@YAPAVCFuncTankRocket@@PAV1@@Z 1001e370 f i func_tank.obj
 0001:0001d3c0       ?GetClassPtr@@YAPAVCFuncTankMortar@@PAV1@@Z 1001e3c0 f i func_tank.obj
 0001:0001d410       ?GetClassPtr@@YAPAVCFuncTankControls@@PAV1@@Z 1001e410 f i func_tank.obj
 0001:0001d460       ?GameDLLInit@@YAXXZ        1001e460 f   game.obj
 0001:0001e070       ?GameDLLShutdown@@YAXXZ    1001f070 f   game.obj
 0001:0001e080       ?CanHaveAmmo@CGameRules@@UAEHPAVCBasePlayer@@PBDH@Z 1001f080 f   gamerules.obj
 0001:0001e0c0       ?GetPlayerSpawnSpot@CGameRules@@UAEPAUedict_s@@PAVCBasePlayer@@@Z 1001f0c0 f   gamerules.obj
 0001:0001e1d0       ?CanHavePlayerItem@CGameRules@@UAEHPAVCBasePlayer@@PAVCBasePlayerItem@@@Z 1001f1d0 f   gamerules.obj
 0001:0001e240       ?RefreshSkillData@CGameRules@@UAEXXZ 1001f240 f   gamerules.obj
 0001:0001e7d0       ?InstallGameRules@@YAPAVCGameRules@@XZ 1001f7d0 f   gamerules.obj
 0001:0001e880       _grenade                   1001f880 f   ggrenade.obj
 0001:0001e890       ?Explode@CGrenade@@QAEXVVector@@0@Z 1001f890 f   ggrenade.obj
 0001:0001e900       ?Explode@CGrenade@@QAEXPAUTraceResult@@H@Z 1001f900 f   ggrenade.obj
 0001:0001ec10       ?Smoke@CGrenade@@QAEXXZ    1001fc10 f   ggrenade.obj
 0001:0001ed40       ?Killed@CGrenade@@UAEXPAUentvars_s@@H@Z 1001fd40 f   ggrenade.obj
 0001:0001ed50       ?DetonateUse@CGrenade@@QAEXPAVCBaseEntity@@0W4USE_TYPE@@M@Z 1001fd50 f   ggrenade.obj
 0001:0001ed70       ?PreDetonate@CGrenade@@QAEXXZ 1001fd70 f   ggrenade.obj
 0001:0001edb0       ?Detonate@CGrenade@@QAEXXZ 1001fdb0 f   ggrenade.obj
 0001:0001ee60       ?ExplodeTouch@CGrenade@@QAEXPAVCBaseEntity@@@Z 1001fe60 f   ggrenade.obj
 0001:0001f0b0       ?DangerSoundThink@CGrenade@@QAEXXZ 100200b0 f   ggrenade.obj
 0001:0001f1e0       ?BounceTouch@CGrenade@@QAEXPAVCBaseEntity@@@Z 100201e0 f   ggrenade.obj
 0001:0001f4d0       ?SlideTouch@CGrenade@@QAEXPAVCBaseEntity@@@Z 100204d0 f   ggrenade.obj
 0001:0001f560       ?BounceSound@CGrenade@@UAEXXZ 10020560 f   ggrenade.obj
 0001:0001f600       ?TumbleThink@CGrenade@@QAEXXZ 10020600 f   ggrenade.obj
 0001:0001f750       ?Spawn@CGrenade@@UAEXXZ    10020750 f   ggrenade.obj
 0001:0001f800       ?ShootContact@CGrenade@@SAPAV1@PAUentvars_s@@VVector@@1@Z 10020800 f   ggrenade.obj
 0001:0001f8d0       ?ShootTimed@CGrenade@@SAPAV1@PAUentvars_s@@VVector@@1M@Z 100208d0 f   ggrenade.obj
 0001:0001fa40       ?ShootSatchelCharge@CGrenade@@SAPAV1@PAUentvars_s@@VVector@@1@Z 10020a40 f   ggrenade.obj
 0001:0001fb80       ?UseSatchelCharges@CGrenade@@SAXPAUentvars_s@@W4SATCHELCODE@1@@Z 10020b80 f   ggrenade.obj
 0001:0001fc40       ?GetClassPtr@@YAPAVCGrenade@@PAV1@@Z 10020c40 f i ggrenade.obj
 0001:0001fce0       ?FBoxVisible@@YAHPAUentvars_s@@0AAVVector@@M@Z 10020ce0 f   h_ai.obj
 0001:0001fe60       ?VecCheckToss@@YA?AVVector@@PAUentvars_s@@ABV1@V1@M@Z 10020e60 f   h_ai.obj
 0001:000203f0       ?VecCheckThrow@@YA?AVVector@@PAUentvars_s@@ABV1@V1@MM@Z 100213f0 f   h_ai.obj
 0001:00020670       ?Save@CRecharge@@UAEHAAVCSave@@@Z 10021670 f   h_battery.obj
 0001:000206a0       ?Restore@CRecharge@@UAEHAAVCRestore@@@Z 100216a0 f   h_battery.obj
 0001:000206d0       _func_recharge             100216d0 f   h_battery.obj
 0001:000206e0       ?KeyValue@CRecharge@@UAEXPAUKeyValueData_s@@@Z 100216e0 f   h_battery.obj
 0001:00020860       ?Spawn@CRecharge@@UAEXXZ   10021860 f   h_battery.obj
 0001:000208f0       ?Precache@CRecharge@@UAEXXZ 100218f0 f   h_battery.obj
 0001:00020920       ?Use@CRecharge@@UAEXPAVCBaseEntity@@0W4USE_TYPE@@M@Z 10021920 f   h_battery.obj
 0001:00020ba0       ?Recharge@CRecharge@@QAEXXZ 10021ba0 f   h_battery.obj
 0001:00020bd0       ?Off@CRecharge@@QAEXXZ     10021bd0 f   h_battery.obj
 0001:00020c60       ?GetClassPtr@@YAPAVCRecharge@@PAV1@@Z 10021c60 f i h_battery.obj
 0001:00020cb0       ?ObjectCaps@CRecharge@@UAEHXZ 10021cb0 f i h_battery.obj
 0001:00020cc0       ?Save@CCycler@@UAEHAAVCSave@@@Z 10021cc0 f   h_cycler.obj
 0001:00020cf0       ?Restore@CCycler@@UAEHAAVCRestore@@@Z 10021cf0 f   h_cycler.obj
 0001:00020d20       _cycler                    10021d20 f   h_cycler.obj
 0001:00020d30       _cycler_prdroid            10021d30 f   h_cycler.obj
 0001:00020d40       ?Spawn@CCyclerProbe@@UAEXXZ 10021d40 f   h_cycler.obj
 0001:00020df0       ?GenericCyclerSpawn@CCycler@@QAEXPADVVector@@1@Z 10021df0 f   h_cycler.obj
 0001:00020ea0       ?Spawn@CCycler@@UAEXXZ     10021ea0 f   h_cycler.obj
 0001:00020f70       ?Think@CCycler@@UAEXXZ     10021f70 f   h_cycler.obj
 0001:00021000       ?Use@CCycler@@UAEXPAVCBaseEntity@@0W4USE_TYPE@@M@Z 10022000 f   h_cycler.obj
 0001:00021040       ?TakeDamage@CCycler@@UAEHPAUentvars_s@@0MH@Z 10022040 f   h_cycler.obj
 0001:000210f0       _cycler_sprite             100220f0 f   h_cycler.obj
 0001:00021100       ?Save@CCyclerSprite@@UAEHAAVCSave@@@Z 10022100 f   h_cycler.obj
 0001:00021130       ?Restore@CCyclerSprite@@UAEHAAVCRestore@@@Z 10022130 f   h_cycler.obj
 0001:00021160       ?Spawn@CCyclerSprite@@UAEXXZ 10022160 f   h_cycler.obj
 0001:00021230       ?Think@CCyclerSprite@@UAEXXZ 10022230 f   h_cycler.obj
 0001:00021290       ?Use@CCyclerSprite@@UAEXPAVCBaseEntity@@0W4USE_TYPE@@M@Z 10022290 f   h_cycler.obj
 0001:000212d0       ?TakeDamage@CCyclerSprite@@UAEHPAUentvars_s@@0MH@Z 100222d0 f   h_cycler.obj
 0001:00021300       ?Animate@CCyclerSprite@@QAEXM@Z 10022300 f   h_cycler.obj
 0001:00021340       _cycler_weapon             10022340 f   h_cycler.obj
 0001:00021350       ?Spawn@CWeaponCycler@@UAEXXZ 10022350 f   h_cycler.obj
 0001:00021430       ?Deploy@CWeaponCycler@@UAEHXZ 10022430 f   h_cycler.obj
 0001:00021480       ?Holster@CWeaponCycler@@UAEXH@Z 10022480 f   h_cycler.obj
 0001:000214a0       ?PrimaryAttack@CWeaponCycler@@UAEXXZ 100224a0 f   h_cycler.obj
 0001:000214d0       ?SecondaryAttack@CWeaponCycler@@UAEXXZ 100224d0 f   h_cycler.obj
 0001:00021580       ?Save@CWreckage@@EAEHAAVCSave@@@Z 10022580 f   h_cycler.obj
 0001:000215b0       ?Restore@CWreckage@@EAEHAAVCRestore@@@Z 100225b0 f   h_cycler.obj
 0001:000215e0       _cycler_wreckage           100225e0 f   h_cycler.obj
 0001:000215f0       ?Spawn@CWreckage@@EAEXXZ   100225f0 f   h_cycler.obj
 0001:000216a0       ?Precache@CWreckage@@EAEXXZ 100226a0 f   h_cycler.obj
 0001:000216d0       ?Think@CWreckage@@EAEXXZ   100226d0 f   h_cycler.obj
 0001:00021840       ?GetClassPtr@@YAPAVCGenericCycler@@PAV1@@Z 10022840 f i h_cycler.obj
 0001:00021890       ?ObjectCaps@CCycler@@UAEHXZ 10022890 f i h_cycler.obj
 0001:000218a0       ?IsAlive@CCycler@@UAEHXZ   100228a0 f i h_cycler.obj
 0001:000218b0       ?Spawn@CGenericCycler@@UAEXXZ 100228b0 f i h_cycler.obj
 0001:00021930       ?GetClassPtr@@YAPAVCCyclerProbe@@PAV1@@Z 10022930 f i h_cycler.obj
 0001:00021980       ?GetClassPtr@@YAPAVCCyclerSprite@@PAV1@@Z 10022980 f i h_cycler.obj
 0001:000219d0       ?ObjectCaps@CCyclerSprite@@UAEHXZ 100229d0 f i h_cycler.obj
 0001:000219e0       ?GetClassPtr@@YAPAVCWeaponCycler@@PAV1@@Z 100229e0 f i h_cycler.obj
 0001:00021a30       ?CanHolster@CBasePlayerItem@@UAEHXZ 10022a30 f i h_cycler.obj
 0001:00021a40       ?WeaponIdle@CBasePlayerWeapon@@UAEXXZ 10022a40 f i h_cycler.obj
 0001:00021a50       ?UseDecrement@CBasePlayerWeapon@@UAEHXZ 10022a50 f i h_cycler.obj
 0001:00021a60       ?iItemSlot@CWeaponCycler@@UAEHXZ 10022a60 f i h_cycler.obj
 0001:00021a70       ?GetItemInfo@CWeaponCycler@@UAEHPAUItemInfo@@@Z 10022a70 f i h_cycler.obj
 0001:00021a80       ?GetClassPtr@@YAPAVCWreckage@@PAV1@@Z 10022a80 f i h_cycler.obj
 0001:00021ad0       _DllMain@12                10022ad0 f   h_export.obj
 0001:00021ae0       ?GiveFnptrsToDll@@YGXPAUenginefuncs_s@@PAUglobalvars_t@@@Z 10022ae0 f   h_export.obj
 0001:00021b00       _item_healthkit            10022b00 f   healthkit.obj
 0001:00021b10       ?Spawn@CHealthKit@@EAEXXZ  10022b10 f   healthkit.obj
 0001:00021b40       ?Precache@CHealthKit@@EAEXXZ 10022b40 f   healthkit.obj
 0001:00021b60       ?MyTouch@CHealthKit@@EAEHPAVCBasePlayer@@@Z 10022b60 f   healthkit.obj
 0001:00021c30       ?Save@CWallHealth@@UAEHAAVCSave@@@Z 10022c30 f   healthkit.obj
 0001:00021c60       ?Restore@CWallHealth@@UAEHAAVCRestore@@@Z 10022c60 f   healthkit.obj
 0001:00021c90       _func_healthcharger        10022c90 f   healthkit.obj
 0001:00021ca0       ?KeyValue@CWallHealth@@UAEXPAUKeyValueData_s@@@Z 10022ca0 f   healthkit.obj
 0001:00021e20       ?Spawn@CWallHealth@@UAEXXZ 10022e20 f   healthkit.obj
 0001:00021eb0       ?Precache@CWallHealth@@UAEXXZ 10022eb0 f   healthkit.obj
 0001:00021ee0       ?Use@CWallHealth@@UAEXPAVCBaseEntity@@0W4USE_TYPE@@M@Z 10022ee0 f   healthkit.obj
 0001:000220a0       ?Recharge@CWallHealth@@QAEXXZ 100230a0 f   healthkit.obj
 0001:00022100       ?Off@CWallHealth@@QAEXXZ   10023100 f   healthkit.obj
 0001:00022190       ?GetClassPtr@@YAPAVCHealthKit@@PAV1@@Z 10023190 f i healthkit.obj
 0001:000221e0       ?GetClassPtr@@YAPAVCWallHealth@@PAV1@@Z 100231e0 f i healthkit.obj
 0001:00022230       ?ObjectCaps@CWallHealth@@UAEHXZ 10023230 f i healthkit.obj
 0001:00022240       _world_items               10023240 f   items.obj
 0001:00022250       ?KeyValue@CWorldItem@@UAEXPAUKeyValueData_s@@@Z 10023250 f   items.obj
 0001:000222c0       ?Spawn@CWorldItem@@UAEXXZ  100232c0 f   items.obj
 0001:000223a0       ?Spawn@CItem@@UAEXXZ       100233a0 f   items.obj
 0001:00022480       ?ItemTouch@CItem@@QAEXPAVCBaseEntity@@@Z 10023480 f   items.obj
 0001:00022520       ?Respawn@CItem@@UAEPAVCBaseEntity@@XZ 10023520 f   items.obj
 0001:00022590       ?Materialize@CItem@@QAEXXZ 10023590 f   items.obj
 0001:000225f0       _item_suit                 100235f0 f   items.obj
 0001:00022600       _item_battery              10023600 f   items.obj
 0001:00022610       _item_antidote             10023610 f   items.obj
 0001:00022620       _item_security             10023620 f   items.obj
 0001:00022630       _item_longjump             10023630 f   items.obj
 0001:00022640       ?GetClassPtr@@YAPAVCWorldItem@@PAV1@@Z 10023640 f i items.obj
 0001:00022690       ?GetClassPtr@@YAPAVCItemSuit@@PAV1@@Z 10023690 f i items.obj
 0001:000226e0       ?Spawn@CItemSuit@@EAEXXZ   100236e0 f i items.obj
 0001:00022710       ?Precache@CItemSuit@@EAEXXZ 10023710 f i items.obj
 0001:00022720       ?MyTouch@CItemSuit@@EAEHPAVCBasePlayer@@@Z 10023720 f i items.obj
 0001:00022790       ?GetClassPtr@@YAPAVCItemBattery@@PAV1@@Z 10023790 f i items.obj
 0001:000227e0       ?Spawn@CItemBattery@@EAEXXZ 100237e0 f i items.obj
 0001:00022810       ?Precache@CItemBattery@@EAEXXZ 10023810 f i items.obj
 0001:00022830       ?MyTouch@CItemBattery@@EAEHPAVCBasePlayer@@@Z 10023830 f i items.obj
 0001:00022980       ?GetClassPtr@@YAPAVCItemAntidote@@PAV1@@Z 10023980 f i items.obj
 0001:000229d0       ?Spawn@CItemAntidote@@EAEXXZ 100239d0 f i items.obj
 0001:00022a00       ?Precache@CItemAntidote@@EAEXXZ 10023a00 f i items.obj
 0001:00022a10       ?MyTouch@CItemAntidote@@EAEHPAVCBasePlayer@@@Z 10023a10 f i items.obj
 0001:00022a40       ?GetClassPtr@@YAPAVCItemSecurity@@PAV1@@Z 10023a40 f i items.obj
 0001:00022a90       ?Spawn@CItemSecurity@@EAEXXZ 10023a90 f i items.obj
 0001:00022ac0       ?Precache@CItemSecurity@@EAEXXZ 10023ac0 f i items.obj
 0001:00022ad0       ?MyTouch@CItemSecurity@@EAEHPAVCBasePlayer@@@Z 10023ad0 f i items.obj
 0001:00022af0       ?GetClassPtr@@YAPAVCItemLongJump@@PAV1@@Z 10023af0 f i items.obj
 0001:00022b40       ?Spawn@CItemLongJump@@EAEXXZ 10023b40 f i items.obj
 0001:00022b70       ?Precache@CItemLongJump@@EAEXXZ 10023b70 f i items.obj
 0001:00022b80       ?MyTouch@CItemLongJump@@EAEHPAVCBasePlayer@@@Z 10023b80 f i items.obj
 0001:00022c30       _light                     10023c30 f   lights.obj
 0001:00022c40       ?Save@CLight@@UAEHAAVCSave@@@Z 10023c40 f   lights.obj
 0001:00022c70       ?Restore@CLight@@UAEHAAVCRestore@@@Z 10023c70 f   lights.obj
 0001:00022ca0       ?KeyValue@CLight@@UAEXPAUKeyValueData_s@@@Z 10023ca0 f   lights.obj
 0001:00022dc0       ?Spawn@CLight@@UAEXXZ      10023dc0 f   lights.obj
 0001:00022e40       ?Use@CLight@@UAEXPAVCBaseEntity@@0W4USE_TYPE@@M@Z 10023e40 f   lights.obj
 0001:00022ef0       _light_spot                10023ef0 f   lights.obj
 0001:00022f00       _light_environment         10023f00 f   lights.obj
 0001:00022f10       ?KeyValue@CEnvLight@@UAEXPAUKeyValueData_s@@@Z 10023f10 f   lights.obj
 0001:000230d0       ?Spawn@CEnvLight@@UAEXXZ   100240d0 f   lights.obj
 0001:00023180       ?GetClassPtr@@YAPAVCLight@@PAV1@@Z 10024180 f i lights.obj
 0001:000231d0       ?GetClassPtr@@YAPAVCEnvLight@@PAV1@@Z 100241d0 f i lights.obj
 0001:00023220       ?Save@CRuleEntity@@UAEHAAVCSave@@@Z 10024220 f   maprules.obj
 0001:00023250       ?Restore@CRuleEntity@@UAEHAAVCRestore@@@Z 10024250 f   maprules.obj
 0001:00023280       ?Spawn@CRuleEntity@@UAEXXZ 10024280 f   maprules.obj
 0001:000232b0       ?KeyValue@CRuleEntity@@UAEXPAUKeyValueData_s@@@Z 100242b0 f   maprules.obj
 0001:00023320       ?CanFireForActivator@CRuleEntity@@IAEHPAVCBaseEntity@@@Z 10024320 f   maprules.obj
 0001:00023350       ?Spawn@CRulePointEntity@@UAEXXZ 10024350 f   maprules.obj
 0001:00023370       ?Spawn@CRuleBrushEntity@@UAEXXZ 10024370 f   maprules.obj
 0001:000233b0       _game_score                100243b0 f   maprules.obj
 0001:000233c0       ?Spawn@CGameScore@@UAEXXZ  100243c0 f   maprules.obj
 0001:000233d0       ?KeyValue@CGameScore@@UAEXPAUKeyValueData_s@@@Z 100243d0 f   maprules.obj
 0001:00023450       ?Use@CGameScore@@UAEXPAVCBaseEntity@@0W4USE_TYPE@@M@Z 10024450 f   maprules.obj
 0001:000234c0       _game_end                  100244c0 f   maprules.obj
 0001:000234d0       ?Use@CGameEnd@@UAEXPAVCBaseEntity@@0W4USE_TYPE@@M@Z 100244d0 f   maprules.obj
 0001:000234f0       _game_text                 100244f0 f   maprules.obj
 0001:00023500       ?Save@CGameText@@UAEHAAVCSave@@@Z 10024500 f   maprules.obj
 0001:00023530       ?Restore@CGameText@@UAEHAAVCRestore@@@Z 10024530 f   maprules.obj
 0001:00023560       ?KeyValue@CGameText@@UAEXPAUKeyValueData_s@@@Z 10024560 f   maprules.obj
 0001:00023910       ?Use@CGameText@@UAEXPAVCBaseEntity@@0W4USE_TYPE@@M@Z 10024910 f   maprules.obj
 0001:00023990       _game_team_master          10024990 f   maprules.obj
 0001:000239a0       ?KeyValue@CGameTeamMaster@@UAEXPAUKeyValueData_s@@@Z 100249a0 f   maprules.obj
 0001:00023a90       ?Use@CGameTeamMaster@@UAEXPAVCBaseEntity@@0W4USE_TYPE@@M@Z 10024a90 f   maprules.obj
 0001:00023b30       ?IsTriggered@CGameTeamMaster@@UAEHPAVCBaseEntity@@@Z 10024b30 f   maprules.obj
 0001:00023b40       ?TeamID@CGameTeamMaster@@UAEPBDXZ 10024b40 f   maprules.obj
 0001:00023b60       ?TeamMatch@CGameTeamMaster@@AAEHPAVCBaseEntity@@@Z 10024b60 f   maprules.obj
 0001:00023bb0       _game_team_set             10024bb0 f   maprules.obj
 0001:00023bc0       ?Use@CGameTeamSet@@UAEXPAVCBaseEntity@@0W4USE_TYPE@@M@Z 10024bc0 f   maprules.obj
 0001:00023c10       _game_zone_player          10024c10 f   maprules.obj
 0001:00023c20       ?Save@CGamePlayerZone@@UAEHAAVCSave@@@Z 10024c20 f   maprules.obj
 0001:00023c50       ?Restore@CGamePlayerZone@@UAEHAAVCRestore@@@Z 10024c50 f   maprules.obj
 0001:00023c80       ?KeyValue@CGamePlayerZone@@UAEXPAUKeyValueData_s@@@Z 10024c80 f   maprules.obj
 0001:00023df0       ?Use@CGamePlayerZone@@UAEXPAVCBaseEntity@@0W4USE_TYPE@@M@Z 10024df0 f   maprules.obj
 0001:00023f60       _game_player_hurt          10024f60 f   maprules.obj
 0001:00023f70       ?Use@CGamePlayerHurt@@UAEXPAVCBaseEntity@@0W4USE_TYPE@@M@Z 10024f70 f   maprules.obj
 0001:00024000       _game_counter              10025000 f   maprules.obj
 0001:00024010       ?Spawn@CGameCounter@@UAEXXZ 10025010 f   maprules.obj
 0001:00024040       ?Use@CGameCounter@@UAEXPAVCBaseEntity@@0W4USE_TYPE@@M@Z 10025040 f   maprules.obj
 0001:00024120       _game_counter_set          10025120 f   maprules.obj
 0001:00024130       ?Use@CGameCounterSet@@UAEXPAVCBaseEntity@@0W4USE_TYPE@@M@Z 10025130 f   maprules.obj
 0001:00024170       _game_player_equip         10025170 f   maprules.obj
 0001:00024180       ?KeyValue@CGamePlayerEquip@@UAEXPAUKeyValueData_s@@@Z 10025180 f   maprules.obj
 0001:00024220       ?Touch@CGamePlayerEquip@@UAEXPAVCBaseEntity@@@Z 10025220 f   maprules.obj
 0001:00024250       ?EquipPlayer@CGamePlayerEquip@@AAEXPAVCBaseEntity@@@Z 10025250 f   maprules.obj
 0001:000242c0       ?Use@CGamePlayerEquip@@UAEXPAVCBaseEntity@@0W4USE_TYPE@@M@Z 100252c0 f   maprules.obj
 0001:000242d0       _game_player_team          100252d0 f   maprules.obj
 0001:000242e0       ?TargetTeamName@CGamePlayerTeam@@AAEPBDPBD@Z 100252e0 f   maprules.obj
 0001:00024370       ?Use@CGamePlayerTeam@@UAEXPAVCBaseEntity@@0W4USE_TYPE@@M@Z 10025370 f   maprules.obj
 0001:00024400       ?GetClassPtr@@YAPAVCGameScore@@PAV1@@Z 10025400 f i maprules.obj
 0001:00024450       ?GetClassPtr@@YAPAVCGameEnd@@PAV1@@Z 10025450 f i maprules.obj
 0001:000244a0       ?GetClassPtr@@YAPAVCGameText@@PAV1@@Z 100254a0 f i maprules.obj
 0001:000244f0       ?GetClassPtr@@YAPAVCGameTeamMaster@@PAV1@@Z 100254f0 f i maprules.obj
 0001:00024540       ?ObjectCaps@CGameTeamMaster@@UAEHXZ 10025540 f i maprules.obj
 0001:00024550       ?GetClassPtr@@YAPAVCGameTeamSet@@PAV1@@Z 10025550 f i maprules.obj
 0001:000245a0       ?GetClassPtr@@YAPAVCGamePlayerZone@@PAV1@@Z 100255a0 f i maprules.obj
 0001:000245f0       ?GetClassPtr@@YAPAVCGamePlayerHurt@@PAV1@@Z 100255f0 f i maprules.obj
 0001:00024640       ?GetClassPtr@@YAPAVCGameCounter@@PAV1@@Z 10025640 f i maprules.obj
 0001:00024690       ?GetClassPtr@@YAPAVCGameCounterSet@@PAV1@@Z 10025690 f i maprules.obj
 0001:000246e0       ?GetClassPtr@@YAPAVCGamePlayerEquip@@PAV1@@Z 100256e0 f i maprules.obj
 0001:00024730       ?GetClassPtr@@YAPAVCGamePlayerTeam@@PAV1@@Z 10025730 f i maprules.obj
 0001:00024780       _func_mortar_field         10025780 f   mortar.obj
[...]
 0001:00050297       _get_int64_arg             10051297 f   LIBCMT:output.obj
 0001:000502a7       _get_short_arg             100512a7 f   LIBCMT:output.obj
 0001:0004ef5f       ?FindHandler@@YAXPAUEHExceptionRecord@@PAUEHRegistrationNode@@PAU_CONTEXT@@PAXPBU_s_FuncInfo@@EH1@Z 1004ff5f f   LIBCMT:frame.obj
 0001:0004f112       ?FindHandlerForForeignException@@YAXPAUEHExceptionRecord@@PAUEHRegistrationNode@@PAU_CONTEXT@@PAXPBU_s_FuncInfo@@HH1@Z 10050112 f   LIBCMT:frame.obj
 0001:0004f1bc       ?TypeMatch@@YAHPBU_s_HandlerType@@PBU_s_CatchableType@@PBU_s_ThrowInfo@@@Z 100501bc f   LIBCMT:frame.obj
 0001:0004f2b7       ?FrameUnwindFilter@@YAHPAU_EXCEPTION_POINTERS@@@Z 100502b7 f   LIBCMT:frame.obj
 0001:0004f2cd       ?CatchIt@@YAXPAUEHExceptionRecord@@PAUEHRegistrationNode@@PAU_CONTEXT@@PAXPBU_s_FuncInfo@@PBU_s_HandlerType@@PBU_s_CatchableType@@PBU_s_TryBlockMapEntry@@H1E@Z 100502cd f   LIBCMT:frame.obj
 0001:0004f348       ?CallCatchBlock@@YAPAXPAUEHExceptionRecord@@PAUEHRegistrationNode@@PAU_CONTEXT@@PBU_s_FuncInfo@@PAXHK@Z 10050348 f   LIBCMT:frame.obj
 0001:0004f463       ?ExFilterRethrow@@YAHPAU_EXCEPTION_POINTERS@@@Z 10050463 f   LIBCMT:frame.obj
 0001:0004f48d       ?BuildCatchObject@@YAXPAUEHExceptionRecord@@PAUEHRegistrationNode@@PBU_s_HandlerType@@PBU_s_CatchableType@@@Z 1005048d f   LIBCMT:frame.obj
 0001:0004f6b8       ?AdjustPointer@@YAPAXPAXABUPMD@@@Z 100506b8 f   LIBCMT:frame.obj
 0001:0004eac7       __cftoe2                   1004fac7 f   LIBCMT:cvt.obj
 0001:0004ebde       __cftof2                   1004fbde f   LIBCMT:cvt.obj
 0001:0004ed69       __shift                    1004fd69 f   LIBCMT:cvt.obj
 0001:0004dd44       fFMOD                      1004ed44 f   LIBCMT:87fmod.obj
 0001:0004d820       _gu_return                 1004e820 f   LIBCMT:exsup.obj
 0001:0004d828       __unwind_handler           1004e828 f   LIBCMT:exsup.obj
 0001:0004d63a       ?CatchGuardHandler@@YA?AW4_EXCEPTION_DISPOSITION@@PAUEHExceptionRecord@@PAUCatchGuardRN@@PAX2@Z 1004e63a f   LIBCMT:trnsctrl.obj
 0001:0004d715       ?TranslatorGuardHandler@@YA?AW4_EXCEPTION_DISPOSITION@@PAUEHExceptionRecord@@PAUTranslatorGuardRN@@PAX2@Z 1004e715 f   LIBCMT:trnsctrl.obj

FIXUPS: 4ea5a 2e 2b 40 3d fffffcec fffffd4f 4d 24 4b 2f 84 81 17 3c 48
FIXUPS: 4e3c6 41 37 1f 45 2a fffffea5 24 c ffffff30 5 a b6d 25 14 10 d
FIXUPS: 4eeb3 b 3d 3b 14 60 7 14 7 fffffe0d 13 ffffffce fffffff3 ffffff89
FIXUPS: 4ed40 14 ffffffcb fffffe65 1d fffffd68 2b 28 28 2b 2a 28 2b b90
FIXUPS: 4f5d2 13 1c 2d 17 fffffeb3 1d ffffff93 1d fffffef1 ffffffdd fffffea6
FIXUPS: 4f246 10 55 63 fffffe73 25 a 31 fffffefe ffffff40 b 1e f 3c d 13
FIXUPS: 4f0c4 fffffd5a 14 f52 fffffbe0 ffffff96 fffffe67 38 9 14 a 5 5
FIXUPS: 4f7cf 29 5 5 5 d 47 10 14 11 44 9 fffffdbb b f 18 e 16 16 1e fffffe6d
FIXUPS: 4f599 1082 c 7 1f 43 24 fffff6f7 24 fffffba3 1b ae 1b 2a 28 12
FIXUPS: 4faef 3e 76 1f f 55 18 2e b 2a 22 32 17 2b 16 13 19 550 1f 17 11
FIXUPS: 50331 e 43 b b b 21 2d 14 17 b 2e 7 93 12 1c 1e 12 16 30 12 15
FIXUPS: 505c3 a e e 18 c 254 e e e 11 7 fffffe5c 22 fffff7b5 23 58 2f 2e
FIXUPS: 4ffbd 8 12 b 1e 32 49 42 1f 28 a c 20 1e 51 3a 78 1b e dec 96 16
FIXUPS: 51138 27 17 1e 18 5e 32 37 fffff782 b 29 3b 1b fffffe70 11 21 5
FIXUPS: 50931 8 56 fffffd9f 19 1f 1b 51 1f 16 3e e 28e4 fffff42f 13 14
FIXUPS: 525d8 b 20 2b 13 21 ffffed4a 3d 5e 133 38 fffff5df 3f 99 19 68
FIXUPS: 50d73 d 2e 25 d9 bf 3b 18 c 15 8 77 1b41 30 15 2a a6 1f 4f 17 2b
FIXUPS: 52dd3 33 27 c 19 2b 11 29 17 49 3d 1e 23 17 60 2a 46 e a 38 39
FIXUPS: 5311b 14 3b9 7 fffffead fffffdf4 12 1d 5 55 3c 7 2f b2 15 fffff382
FIXUPS: 526f9 8 b 12 53 f8 e a8 32 2c 23 1f 2c 37 2d 17 2f f0 db2 9 50
FIXUPS: 539ad 35 16 2a 15 23 c 3b c 36 18 39 fffffbc3 f 11 11 f f a 6e
FIXUPS: 537cf c 1b 9 fffffe21 6a 13 29 fffffdc4 dd6 18 c 29 1e 26 18 5c
FIXUPS: 54390 1c 24 fffff8ce 4f e 8 16 8 fffffe5d e 2f e 18 55 fffffc19
FIXUPS: 53862 27 a 1c 12 1f 6 a 580 21 17 22 15 29 22 13 26 d 16 9 39 17
FIXUPS: 53fe6 41 17 1a 35 23 26 28 1a d 1e 24 6a 12 13 1e 24 11 1c0a b2
FIXUPS: 55f56 4f b6 80 ffffe852 8b 56 e 24 1b 32 14 d fffffe08 16 ffffff7d
FIXUPS: 54859 fffffd43 7c b4 fffffd54 d 10 59 5d fffff890 2c 53 40 e 2cfd
FIXUPS: 567fc 35 f 10 17 fffffed7 19 14 14 12 f e 9 17 fffffd61 e 86 156
FIXUPS: 564a3 d 11 2f 25 ffffe734 15 2a 385 106 f 78b 44f 1536 54 16 47
FIXUPS: 57336 c 22 c 21 c fffff994 14 14 17 20 9 9 fffffde3 16 8a 15 13
FIXUPS: 56c67 14 d 11 12 16 19 fffffdf9 23 44 1350 f fffffc10 71 61 ec
FIXUPS: 57cb1 78 76 aa e fffffb01 fffffad6 1b 20 ffffff9f 9 fffffb76 17
FIXUPS: 56ffa f 151 12 16 c 1d 18 a c e 17 10 12a8 5b e 23 1f 33 1f fffffe54
FIXUPS: 58236 e 8 d b 55 b8 b 44 20 b fffffd73 e 8 d b 14 b 34 ffffff40
FIXUPS: 58126 9 fffffe7c d fed 1c 52 1c 2a e 21 6b fffffa70 109 16 fffffdef
FIXUPS: 58a7e b 31 ffffff08 16 fffffe95 12 11 a5 fffffe8f 45 10 16 c fffffdb5
FIXUPS: 585ff 10 6c fffffe10 19 149b 8 8 8 8 8 8 8 8 8 8 e b b b b b b
FIXUPS: 599ea b b b fffff305 1a 1e 20 f 4e 16 16 23 a6 8eb 14 14 14 17
FIXUPS: 5980c 14 14 17 14 17 1f 8 8 8 8 8 7 8 8 8 8 8 8 8 8 8 b 8 8 8 8
FIXUPS: 5956d 11 11 11 14 11 e 11 14 11 11 11 14 11 11 11 14 11 11 11 14
FIXUPS: 596de 11 11 14 11 11 11 14 11 11 11 6cb 8 8 8 8 8 8 fffffbb1 10
FIXUPS: 59a5a d 13 b b 31 d d 50 b b 19 25 7 25 fffff90c 13 b 6 15 b 1f
FIXUPS: 59525 b26 18 11 8 10 8 21 b fffffb6f 13 b 6 34 b 3d b 35 10 10
FIXUPS: 59d3f 13 a e 10 10 13 10 10 10 13 10 10 643 3f 1f 1a 64 2a 30 e
FIXUPS: 5a5c1 27 33 41 34 e 36 3b 41 c 61 11 34 50 18 d 11c fffff538 16
FIXUPS: 59eec d 9 a8 31 c6d 111 39 2f 5 f 14d 24 28 ba fffff9e8 30 bd 2b
FIXUPS: 5ab44 87 61 fffff53c 41 24 29 7 f 7 18 9a 41 30 18 36 3f 3a 10be
FIXUPS: 5b4d3 18 96 6 a 6 1b 4b fffffb1a 17 19 c 41 56 8 6 42 11 2f 12
FIXUPS: 5b298 6c d 24 19 18 8 78 7f 9 fffff7d2 11d5 b 42 1a c b 11 21 3b
FIXUPS: 5bf1b fffffc2d 2b d 20 d d 9 fffffddd 47 41 10c fffffbc5 1d 4e
FIXUPS: 5b77d 46 1d 26 9 d 9 fffffc82 13c2 8 1d c fffff745 a 6 8 13 18
FIXUPS: 5c05e 32 10 24 1f 1b 16 12 fffffe34 2a 2b 1b fffffc0d 38 1b 6c
FIXUPS: 5bcd8 8 72 b 74 b cc9 e8 fffff5d9 a 13 43 a 13 1c 26 b 31 b f 1c
FIXUPS: 5c2c9 b 32 b f 102 110 ca 1a 22 107 8c 17 1d 40 9 d 89d 2b 38 8e
FIXUPS: 5d1fa 162 14c 96 68 5c 4f 1a7 16 1a5 fffff22f 1e 2e 48 1b 3e 3e
FIXUPS: 5cd5b 2e 13 a fffffc15 e 8 d b 9e b 3da 1b 1d 6 e 6 3c c 2c c 1f
FIXUPS: 5cf6a 11 f f f 24 2a 6 15 6 3a 6 15 6 26 6 16 6 16 6 16 e09 a 23
FIXUPS: 5dce0 86 1b 34 3d 10 54 fffffd73 10 5c 6a fffffd4c 22 f 1c f 15
FIXUPS: 5da6d e 1e 23 fffff316 9 17 1c 6 f 6 3a 1389 6 7 17 6 e 22 2e 2b
FIXUPS: 5e2e3 1e e 9 9 a5 4f 2f 15 fffffb85 10 21 7 f a ffffff18 6 8 1d
FIXUPS: 5df7a 8 19 ffffff36 b49 ffffff3e 9 9 2a 1c f 15 ffffff69 ffffff37
FIXUPS: 5e87a 8 d b 14 17 9 c 1e 22 fffffec2 fffffee7 fffff989 f d 9 5
FIXUPS: 5e07d 19 20 11 110 fffa30e2 5dd76 7 d ffffff5f b 45 c d fffffd51
FIXUPS: 5ed87 1c 1b 1b 21 1c 1f 28 28 8 11 24 25 6c 10 12 fffffba9 17 10f
FIXUPS: 5ecb3 fffffdab 24 fffa2fb5 3a a 5e de 2e 3e 2d 10 10 10 33 99 23
FIXUPS: 1db0 2b 39 29 165 fffff064 14 1d 13 1d 82 d b1 26 7 1c 54 42 27bc
FIXUPS: 3a53 f c4 78 5c 3c 14 1d 13 1d 4f 51 45 3f 189 156 23b ffffdeab
FIXUPS: 21df 59 395 32 2e 138 fffff0d5 1d 13 1d d7 80 30 12ce 1a 52 8 1f
FIXUPS: 2de6 e 46 1d 13 1d f 54 5d 8f 9e 1dc 2a3 133 45 29 3c ba 10 1b
FIXUPS: 37c5 1b 10 7d 11 11 18a 2f0a 19 fe 1d 13 1d f 10 130 1a9 77 87
FIXUPS: 6e8a 3f 12 ffffbb1b 97 d 2c e 13 31 30 2d f f a 19 12 a 61 1d 310a
FIXUPS: 5dc5 8 45 7 27 7 3a 8 bf 6e 19 22 1f9 1d 13 1d f 17 193 31 75 54
FIXUPS: 6509 48 28 22 11 b5 a f9 1a7 ffffef79 24 35 31 29 3e 29 29 62 33
FIXUPS: 5aab a c d0 7 17 1b 49 e 8 7 e 46 e d 1b 18 36 7 14 7 23 ffffef90
FIXUPS: 4d32 99 88 37 1d 13 1d 6f 2e 2c7 8 51 8 51 8 51 8 51 1f 18 42 7
FIXUPS: 545c 1a 8 7 f 12 19 54 33f 27bb a 69 11 13b 78 18 2c 1a aa 1e9
FIXUPS: 8621 201 ffffbf18 1d 13 1d f a2 4a 60 20 1c 39 13 1d 13 1d 13 1d
FIXUPS: 49f6 23a 2e03 54 49 14 57763 b a fffa88b5 2a 34 25 11 576bf a fffa8974
FIXUPS: 7c11 11 57662 a fffa89f3 40 10 ba 2e 24 2e 83 a 9f 38 34 21 2617
FIXUPS: a5e9 198 1a0 18f ac a 2ce 131 4c 7d ffffc380 61 24 28 1fb 30 57b9e
FIXUPS: 5f22e fffa8473 11f 2c 23 26 4b 30 43 3b 37 11 6c 31 1b99 a 19 1e
FIXUPS: 960d cf 77 87 21 164 16 25 d9 a4 54 38d 8a 2e 20 20 54 b 15e 36
FIXUPS: a223 1d5 17 e e 110 7f 13 ffffe8c2 51 8b 69 87 a9 4d 3e 4a 5f 8
FIXUPS: 9248 1c e 7 45 a 45 a 45 a 7d a 51 a 6b 8 1a 11 5e a 16 4d30 12
FIXUPS: e2b0 5c 20 1f0 2a 14a 2a ffffa2d2 111 33 6 6 e 27 73 9 31 e 48
FIXUPS: 8c1e 6c 21 3f 9a 2f 20 12 2c 1f 4f 4ff8 44 53 53 7d 21 12 a d 30
FIXUPS: e082 2a 2a 1e 12 a 1e 1d 12 a e 1d 21 12 a e 20 10 12 5 29 2b fffff082
FIXUPS: d305 16 31 128 5 49 5 33 e a1 55 e0 1b5 84 c0 20 5 1a 4f 5 1e 17
FIXUPS: db10 c2 37 66 47 62 53 44 8b ffffe505 158 e 60 10b e 65 137 95
FIXUPS: c8bc e9 3d 6e a 6e a cf 30 35 111 b 86 44 170 a 6b a 112 4e c3
FIXUPS: d2cc 27 2811 5d e 19 33 ffffb7b9 11 2ce 8c 18 31 1b 1b 18f 36 2d
FIXUPS: b974 368 67 ee 34 35 d 3b 1ac 38 1d f 30 55 b 14f 34e8 21 b 1a
FIXUPS: f824 51 11 24 f 9 8 3d e 19 22 e 12 17 f 13 22 f 35 31 c 30 18
FIXUPS: fa9c 8 f 9 1e fffff66b 2a 35 b 15 17 8c 7e 96 16 76 1d a4 84 15
FIXUPS: f5a1 17 10 29 33 21 4c 3f 45 18 12 7 2e c f b f fffff4aa 14 10
FIXUPS: ec82 58 43 9 b 1c b 3d 16 7 27 9f 10 b 50 65 31 21 33 10 8 1d e
FIXUPS: f017 16 3c 2d 3a 3b f2b 34 f 7 ffffe711 38 13 41 20 18 68 47 b
FIXUPS: e91a 53 45 17 1b 12 41 1d 82 b 55 2d 7 5c 43 10 b 14 10 2feb 67
FIXUPS: 11ca4 5c 3d 23 66 37 3e 49 41 1d fe 53 44 15e 38 32 2b c 10 ffffd9b0
FIXUPS: fc6e 43 43 43 2c 11a 9 67 cd 68 17d4 f 5 f 25 3d 3f 35 a 2d a 2f
FIXUPS: 1196e 5 24 3d 3f 35 a 2d a 2f f 5 1c 11 c 2d 5b c 64 24 fffff52a
FIXUPS: 11155 9 50 a 2f 27 62 6 19 17 1b b a e 27 35 13 b 76 10 f3 ed 20
FIXUPS: 1166a 30 34 3d 3f 37 30 a fffff563 36 9 5d a c 37 8 13 1a 4b 9
FIXUPS: 10eed a c 39 17 7 10 31 a 9 4d a 21 4c a 36 a d 48 a fffff18b b9
FIXUPS: 1036c 4b c f6 7c 1f 1f 46 14e 18 16 1a 16 33 4d a 9c a 51 b be
FIXUPS: 10a26 a 12a bf a 7 86 16 49 2b7f 72 7 101 143 a 21 1a 11a 164 2d
FIXUPS: 13e56 14 1d 13 1d 16 27 12c 1f6 8 a0 67 30 a e 2f 4c 8e 17 7 ffffbe02
FIXUPS: 132f1 a 5a 77 f 53 24 6 3d 2f 35 46 b 7 1d 7 55 34 77 1d 12 8 56
FIXUPS: 13775 7 13 7 44 34 39 8 22 ffffefcc 8 51 8 51 8 51 8 51 28 1d 10
FIXUPS: 12a10 5d 110 74 13 288 2e 2e6 1a 21 16 7 27 1f 20 d 25 10 b 15
FIXUPS: 18b4e 5d 59 63 45 15 f 36 f0 50 d0 83 5d 50 1d2 9 ffff91f9 1d 13
FIXUPS: 12467 ba 4b a4 48 7e 8 54 8 51 8 51 8 59ff 5b 79 46 17d e 12 6
FIXUPS: 184af e 12 6 1f 21 97 28 22 90 57 57 57 65 16 80 57 76 22 f 13
FIXUPS: 189b8 f 1f ffffee00 11 ca 31 32 5a 31 32 5a 2c a 2d a 26 56 102
FIXUPS: 17cce 6f 4c 1e 24 cb 5b ba a 41 32 17 14 9f 54 70 ffffeda7 55 14
FIXUPS: 16fda 1d 13 1d 9c 9 118 16 40 33 50 c af 59 22 e0 f a 1e 1d 13
FIXUPS: 17557 f 90 54 51 51 1c 8d fffff021 29 2b f f f 6d d fd 8 5c 57
FIXUPS: 16b72 5f 76 26 38 f f a 44 b 8 8 35 36 f 30 14 1d 13 1d fffff1af
FIXUPS: 16016 d 1d b0 4f a 50 a 30 d 1d 5d d c 3b 42 d2 a 65 3a 64 76 26
FIXUPS: 1661c 12 4b 7d 14 1d 13 1d fffff2db 13 cd 15 29 15 15 15 2f 32
FIXUPS: 15c24 16 48 27 7 b 2c 35 4c 8 6 f 86 15 2c 15 15 15 23 8d 4f a
FIXUPS: 150ac 1b 1f 10 14 1d 13 1d 14a 2c fd 51 51 51 51 a3 51 51 3c 53
FIXUPS: 156ea 8 4d 1a6 1d 12 48 1b 18 d 2b d 4541 19 ffffa688 10 14 1d
FIXUPS: 1460a 1d 7c cc 97 51 51 48 a6 48 1f 147 2e 138 83 50 2e 38 c 2e
FIXUPS: 14e38 9 16f d 7f 28 651b 5e 62 50 33 2b 50 4a 8 22 64 28 6c 1ac
FIXUPS: 1ba82 3f ffffdc45 128 6f 5c 111 1d 13 1d f 52 8a b5 ef f6 56 a8
FIXUPS: 1aac8 62 18 11 12f 3a 2f 1f 41 53 13 6d 8d 59 59 59 56 2a 234 56
FIXUPS: 1b2fb 1a 34 73 1e 1d 13 1d f 1d b6 31 2b4c 14 1d 13 1d a6 b8 d
FIXUPS: 1a08d 2b 6e 14a 73 6a 19 14 1d 13 1d a4 d8 52 35 132 40 197 5e
FIXUPS: 1a9dc 48 19 2b 50 3062 1d d a 1d 80 127 7 22 14 16 58 19 2d 28
FIXUPS: 1de49 1d 13 a 2e 27 18 1a 1c 52 22 3e 16 2a 21 10 1e fffff2bf 47
FIXUPS: 1d3a5 132 57 f f 9e 98 de a e 30 a e 35 32 90 6b 47 2d 2c 16 8a
FIXUPS: 1da6d b 9 19 1d 1f 14 1d ffffeebd 14 aa 1c 8 c 15 27 a8 2e 9 e8
FIXUPS: 1cd0c a 2f a 32 14 7 7 a af 2d 2b a5 48 1a 15 62 88 144 db ffffe8de
FIXUPS: 1bbca 1d a 1a4 3d 35 32 3e 14 13b 51 51 51 51 51 51 51 51 51 51
FIXUPS: 1c443 51 54 54 54 51 102 202 3a 3e 32 2cac 10 13 10 10 10 10 10
FIXUPS: 1f6be 1a 10 10 10 10 10 10 10 10 13 10 10 10 10 10 57 1a 16 1a
FIXUPS: 5f2a5 b c fffbc8de 389b 10 13 10 10 10 10 10 10 10 10 10 10 10
FIXUPS: 1f518 10 10 10 13 10 10 10 10 10 10 10 10 10 10 10 10 10 fffffa5f
FIXUPS: 1f09c 2f 154 30 33 10 10 10 10 10 10 10 10 10 10 10 10 13 10 10
FIXUPS: 1f385 10 10 10 10 10 10 10 10 10 10 bcd a 38 2d a 17 11 31 86 d
FIXUPS: 20274 69 20 15 8f c 1ee 29 29 27 11 99 11e 28 26 2b 7f 19 2b 12f
FIXUPS: 20ad3 1b b13 fffff690 20 ffffebd5 55 11 bf 26 80 34 39 28 8a 80
FIXUPS: 1fc1e 26 11 b 18 11 b 5 9 72 1e f 46 b6 11 a9 a 5a fe7 78 36 a
FIXUPS: 21044 a 36 a 29 a 37 a 1a cf a 34 a 4d a 2c a 3c 64 2a 1e a3 5d
FIXUPS: 2150d 38 29 a 52 1110 4b 1a5 2a b 1e ffffed5d 1d 13 1d f 160 1f
FIXUPS: 2188c 17 33 b5 72 7 4b 61 a 2a 1c 1d 68 25 4d 2a fffff1e3 ac 57
FIXUPS: 21d9e 2d b c 55 13 5b 8b 68 c8 24 2c 46 14 1d 13 1d 10d 82 4b 15
FIXUPS: 223d1 43 2f 41 9e 68 1d 13 1d f a8 1393 92 b0 ac ffffeef7 2d a8
FIXUPS: 22c0b 2f 1d 13 1d f 160 1f 37 17 33 86 8d 62 7a 3e e 56 2a ffffeb79
FIXUPS: 21ce7 13 1d f 10 231b 24 24 25 20 1c 2e 2e 1a fffff0d6 52 8c a5
FIXUPS: 2340c 60 55 49 4f 66 37 10 10 10 10 cd 5e a2 be 5e 27 13 9a 17d5
FIXUPS: 251e0 4a 18 57 2d 10 16 59 35 31 41 ffffe84a 14 1d 13 1d 4f 51
FIXUPS: 23e64 92 10 72 30 f f 1b b 1b b 19 b bc9 17 14 1d 13 1d 162 2e
FIXUPS: 24e39 3f 60 42 29 23 14 65 12 15 19 15 16 43 21 d 12 12 47 14 18
FIXUPS: 25164 12 1e fffff362 14 1d 13 1d 52 54 54 54 5b 74 6d 54 54 54
FIXUPS: 248fc 1e 2c 38 18 50 51 49 1a 58 15 12 1d 6a 16 14 23 bca 13 1d
FIXUPS: 258e0 54 54 14d 43 64 c6 3f 4a 2b 1bd 14 1e ffffe345 1d 13 1d b7
FIXUPS: 24354 4b 17 b 57 2a 18 30 1a 22 10 3691 110 12 11c 10 7c 48 d 61
FIXUPS: 27f4e 4a 132 1a5 f 33 b 125 192 160 ffffd998 d 2c 2e 3c d 5b e0
FIXUPS: 26300 152 4c fffff2e8 14 1378 3d 81 77 1c 6e f6 4c c 3b 3c 20 8
FIXUPS: 26ec9 26 9c 1f 1a 9e 151 18 18 84 13d 25b b 10 10c 81 68 2dc 31
FIXUPS: 28d1e 76 31 ffffd70c 5 10 10 10 b 5 10 10 10 2b 43 d 36 7 47 4f
FIXUPS: 266d0 11 bc 8a 5a 2a 27 31 56 106 6a 23 2d1a 53 ffffeee9 b 16 a
FIXUPS: 288d0 e 12 ea 25 b 2b 39 2f 7 f 23 25 10 a 5c d 8 19 20 a8 c 7
FIXUPS: 28c96 57 14 209 1d f 9f 48 79 12 69 12 5f 2c ed 1ed 8 4f 8 f 4d
FIXUPS: 2954b 56 43 8 f 34 37 7 8 2e 21 3c 8 75 4624 8e 41 7 d 3b 7 11
FIXUPS: 2dee2 7 22 d 2a 68 a2 27 1f 15 2a 7 1b 30a 30ecc e fffc9b0f 14
FIXUPS: 28e17 13 1d 51 42 1d 46bb d1 79 7 9 2b 11 64 7 9 2b 11 a9 1b 3f
FIXUPS: 2d946 35 4b 35 4b 36 11 d fb 57 22 38 14 1d 13 1d 30 ffffebd6 bf
FIXUPS: 2c999 100 96 d 7a 140 d0 e 6 63 d 2c 14 1d 13 1d d 19 17 3e 82
FIXUPS: 2d100 77 4d 6c ad 2a 1fd 51 34 ffffe8b8 c 5d 22 68 c 39 c 2a c
FIXUPS: 2c025 b0 e 124 d 15 b c a8 8 11 8 99 12b 100 af 4e 45 1e 1a 3c
FIXUPS: 2c842 ffffeb2b d 37 c9 1d 13 1d f 50 51 51 51 51 5f 26e 31 51 1d
FIXUPS: 2b9e0 74 ac 2d 5a c 2e 24 28 a6 d 3a cb 50 ffffeb3f 50 21 f 122
FIXUPS: 2ab0a 1d 13 1d 51 1f 6f 8b 38 97 40 13 45 40 5b 44 153 e a 35 40
FIXUPS: 2b131 7 11 b 7 103 ffffee3f d7 17 19 1e 1d 17 b a 14f d9 89 2c
FIXUPS: 2a4ef 42 40 5b 2c 7 42 40 b3 42 14 1d 13 1d 2d 100 7 19 21 b515
FIXUPS: 35e77 13 1d 4f 57 57 51 3b 21 49 38 4a 158 42 10c ffff36a8 1d 13
FIXUPS: 29ab7 4f 51 51 54 54 8 51 8 51 1f 2e5 80 af7f a1 147 71 32 7c 11
FIXUPS: 35352 2e a ca 38 a 7a 35 16 1a2 71 a a0 67 ae 56 35 2a6 7a 1f 1f
FIXUPS: 35d72 64 61 f ffffe2f8 24 b 17 d4 1e e 11 19e 3e 30 83 dd 5e 6b
FIXUPS: 3474e 16c 12 124 1e 24 2a cc 15 94 34 fc 1a 58 b9 6f 160 ffffed0d
FIXUPS: 33d14 c c c c c c c c c c c c c c c c c c c c c c 22 14 39 65 184
FIXUPS: 340d3 25 25 ffffefe0 79 153 36 25 73 14 6 15 c 36 e4 73 f a9 10
FIXUPS: 33650 d1 b1 91 b5 93 b 18 34 d1 33 e 1a 1b 128 73 ffffe696 b a
FIXUPS: 3259a 45 e 5b 26 39 5b 5d 32 12 53 47 99 1b 205 62 92 e8 7 32 57
FIXUPS: 32d9a 1d 26 20 34 14a a 71 ffffe832 ec 6 91 26 63 ff a6 96 da 19
FIXUPS: 31deb 15 120 6 57 55 39 73 1d 46 b 24 1c 16 7 c2 17 3d f 88 7c
FIXUPS: 30c5a 3d 51 3d 29 4d 29 3d 69 29 3d 39 3d 29 4a 29 29 1b1 b0 f8
FIXUPS: 3138e c2 57 15 164 ca a 7 41 14 19 13 ffffec18 b 22 7 22 39 b 19
FIXUPS: 304f9 6 2c 21 12 54 92 5c 54 ac 5a c 99 9a 57 d9 29 3d 39 3d 29
FIXUPS: 30bbb 29 4d ffffebea 26 2e 1e 2c 95 b 17 f f f b 85 c 55 20 1e
FIXUPS: 2fadd b3 141 4f c3 2d5 55 d5 42 20 ae 2a 7 10 49 ffffebde 7 64
FIXUPS: 2f006 53 47 e 7 11 153 48 2c 9 d e5 a8 1b 30 1d 1c 29 15 1b 17
FIXUPS: 2f554 10 33 18 135 46 74 55 6e86 62 f 13 b 117 dd c5 d7 47 7c ffff7c6b
FIXUPS: 2e812 36 1b 1d8 d7 5 1e 17 b5 13d a 2f d 16 f 6 e 9 7f fe ca44
FIXUPS: 3b990 1e 5 5 1a 43 15 2f 5 16 2b 5 13 7 5 2f 5 9 15 5 20 5 277
FIXUPS: 3be4a 5 ffffad2c 6ea 6 e 6 fffff39f 4780 34 10 53 8e 29 7f ac 1d
FIXUPS: 3b19a 77 16 9 158 8f 3b 133 71 19e 2f 1a 40 d 51 15 5 1f 3f 9 9
FIXUPS: 3b91c 38 ffffe813 96 25 10 5e 33 98 181 cf 77 62 1c 32 d 42 50
FIXUPS: 3a796 34 201 b5 27 3f 1a 10 1f 2f 17 39 15 ae b0 f ffffe012 34
FIXUPS: 38db7 12f 110 48f 33 62 5b 47 78 a4 4c 11 5b 3b 2c 2f 1c9 27 10e
FIXUPS: 39be5 55 16 66 57 a1 57 16c 34 56 e3 4cba ffffd4a1 fffffc31 f3
FIXUPS: 3746c e 112 54 2b 2a 49 ad 54 c0 852 46 e 73 172 8e 30 2dc 64 17e
FIXUPS: 38925 4c 73 73 32 212 11 5b 4ebe a3 53 b4 16 e8 60 43 56 52 dc
FIXUPS: 3e102 70 125 30 2d 17 20 29 76 52 17e 2ef 6c 50 61 14 1d 13 1d
FIXUPS: 3ebff 2f ffffe360 83 61 74 69 69 4e 14 1d 13 1d 4c 4b 2d 3a 70
FIXUPS: 3d4ae 68 50 62 193 d2 79 de 36 36 2b 36 2d 24 36 a9 1400 6c 22
FIXUPS: 3f01e a 1a c9 9d 37 ffffd0a7 14 1d 13 1d 15d 55 176 1ff 46 232
FIXUPS: 3caa4 a9 61 a 2b 79 55 70 70 83 83 74 27c5 6a a 66 1d 13 1d 4f
FIXUPS: 3f8ed 119 3d 109 75 d0 8a 2f 1d 13 1d 4f 51 a6 1c 62 c4 65 d 6a
FIXUPS: 403c2 fffff0b9 93 fffff9c8 1b52 128 ae 8b b 4b b 4c 1d 59 b 13
FIXUPS: 40dd5 e5 32 9 67 70 117 c2 be 63 4a 5d 1c ffffe1fd 10 10 10 10
FIXUPS: 3f68e 8 6535 94 d1 a 1c 15 a8 22 ffffa6c2 45 55 20 12 40 10 41
FIXUPS: 406d1 29 2d 5a 6b 96 c 35 2b 11 9 38 9 7e 24 1c 4516 10b a 5a 28
FIXUPS: 45121 32 2d a 2c fa 2c ee 23 4a 1f 52 41 162 ab 15 7d 1f 1ac 38
FIXUPS: 459c0 4d 17 b0 36 5d 4f ffffea21 13 1d 6e 3e 33 14 1d 13 1d bf
FIXUPS: 448a9 51 1c 2f 75 4d 7 1e dd d6 1f 12 2a 41 19c e 15 10 1d 7 c
FIXUPS: 43aa3 3c 77 10 d0 10 4a 4a 90 63 2d be dc da cc d4 d8 e 22 10 34
FIXUPS: 44381 22 23 4b 39 67 7a 1b e 52 14 ffffe8ec 53 6 17 14 1d 13 1d
FIXUPS: 43131 1f c8 10e 73 2f 4a 3a c d f2 134 ea 46 c2 1e 5b 79 5a 11
FIXUPS: 439f2 3b 1b8ba a fffe314e 81 38 40 86 46 38 3e 38 32 21 6c 1d 1fc
FIXUPS: 429b6 27 19 12 91 46 f0 15 b 8 39 9f 15 d ea 8 13 40 ffffee5a 14
FIXUPS: 41ce6 100 42 be 57 8 51 1f 11 10 12 a 40 37 cd 20 b 10 57 45 6
FIXUPS: 42220 16 52 79 7e 1e 6 6 1b fffff1a4 3e 14 1d 13 1d a1 49 50 13
FIXUPS: 41766 10 14 1d 13 1d 51 49 2a 12 19 14 1d 13 1d 58 2e 21 18b 22
FIXUPS: 41bc3 35 7cdf 130 1e 1c 1d f e f 108 16 7 e e 13 8b 39 33 e b 10
FIXUPS: 49d21 20 18 20 af 39 3b ffff759a 14 1d 13 1d 7dde 48 37 59 20 2a
FIXUPS: 49402 5a 30 3b 2b 15 15 58 13 d 7 8 34 12 12 14 12 12 12 b1 e 4b
FIXUPS: 4975c 1d 2d e ffffec5f cf 48 5d a9 1c2 22 3d af ca 35 dd f4 143
FIXUPS: 48d36 1f 13d de 23 24 20 21 33 2f 60 2e 25 28 d 6d 9 32 ffffe2e4
FIXUPS: 474d9 49 f 74 18 85 1a 1a 25 54 3a 46 f 1f2 20 20 20 7a e 109 a
FIXUPS: 47b75 a 187 e ec 147 b1 15f 27 19 228d 90 6c ffffc344 17 2b 8 5
FIXUPS: 468c0 14 67 6b 1b7 3a 3a9 20 1a 1c 60 159 7f 14 3f 84 94 3e 16
FIXUPS: 473a3 12 b b e8 420e 93 15c 14 51 37 51 c2 d 4d 66 115 34 ffffe259
FIXUPS: 49ee1 30 30 30 43 d d7 150 57 18 16 24 28 11 e 7b 23 32 544 b8
FIXUPS: 4aaab 16 45 a 1a 1d 13 1d 13 1d 13 1d e2 43 9f 1e 36 39 3c 7b c3
FIXUPS: 4afe5 f 5b 7a a4 30e 3a 19 1cb f06 8 c 2c 5 5 5 5 97 14f 1b e 1d
FIXUPS: 4c83d 89 ca 11a 5a 72 af 68 65 b4 5c 53 ffffd966 3a 15 41 82 7
FIXUPS: 4a8e5 1441 10b 14f 54 a2 1e e7 9b 20 10 34 30 30 18 34 28 28 59
FIXUPS: 4c3e0 2f 17 11 12ecd a fffed164 21 11 12e80 a fffed198 20 94 10fc
FIXUPS: 4d682 da 46 d4 4f 12f 23 26 1b 4a 7f 35 10 10 10 1e 43 2d 43 1a
FIXUPS: 4dd38 43 52 4b 14 8b b1 6e 17b ffffdbb0 15 1274 1d 13 1d 13 25
FIXUPS: 4d026 14 1d 13 1d 85 c 7a 1c f f f cb 63 30 2d 69 55 52 40 e c2
FIXUPS: 4d59a 1d 13 1d
